23:28:06 **** Incremental Build of configuration Debug for project Baliza_IRQ ****
make -r -j4 all 
Building file: ../source/App.c
Invoking: MCU C Compiler
arm-none-eabi-gcc -DCPU_MK64FN1M0VLL12 -D__USE_CMSIS -DDEBUG -I../source -I../ -I../SDK/CMSIS -I../SDK/startup -O0 -fno-common -g3 -Wall -c -ffunction-sections -fdata-sections -ffreestanding -fno-builtin -mcpu=cortex-m4 -mfpu=fpv4-sp-d16 -mfloat-abi=hard -mthumb -MMD -MP -MF"source/App.d" -MT"source/App.o" -MT"source/App.d" -o "source/App.o" "../source/App.c"
Finished building: ../source/App.c
 
Building target: Baliza_IRQ.axf
Invoking: MCU Linker
arm-none-eabi-gcc -nostdlib -Xlinker -Map="Baliza_IRQ.map" -Xlinker --gc-sections -Xlinker -print-memory-usage -Xlinker --sort-section=alignment -mcpu=cortex-m4 -mfpu=fpv4-sp-d16 -mfloat-abi=hard -mthumb -T "Blink_Debug.ld" -o "Baliza_IRQ.axf"  ./source/App.o ./source/gpio.o  ./SDK/startup/hardware.o ./SDK/startup/main.o ./SDK/startup/semihost_hardfault.o ./SDK/startup/startup_mk64f12.o  ./SDK/CMSIS/system_MK64F12.o   
Memory region         Used Size  Region Size  %age Used
   PROGRAM_FLASH:        4504 B         1 MB      0.43%
      SRAM_UPPER:        9480 B       192 KB      4.82%
      SRAM_LOWER:          0 GB        64 KB      0.00%
        FLEX_RAM:          0 GB         4 KB      0.00%
Finished building target: Baliza_IRQ.axf
 
make --no-print-directory post-build
Performing post-build steps
arm-none-eabi-size "Baliza_IRQ.axf"; # arm-none-eabi-objcopy -v -O binary "Baliza_IRQ.axf" "Baliza_IRQ.bin" ; # checksum -p MK64FN1M0xxx12 -d "Baliza_IRQ.bin";
   text	   data	    bss	    dec	    hex	filename
   4504	      0	   9480	  13984	   36a0	Baliza_IRQ.axf
 
23:28:16 **** Incremental Build of configuration Debug for project Baliza_IRQ ****
make -r -j4 all 
make: Nothing to be done for `all'.
23:34:10 **** Incremental Build of configuration Debug for project Baliza_IRQ ****
make -r -j4 all 
make: Nothing to be done for `all'.
