
Discarded input sections

 .group         0x00000000        0xc ./source/App.o
 .group         0x00000000        0xc ./source/App.o
 .group         0x00000000        0xc ./source/App.o
 .group         0x00000000        0xc ./source/App.o
 .group         0x00000000        0xc ./source/App.o
 .group         0x00000000        0xc ./source/App.o
 .text          0x00000000        0x0 ./source/App.o
 .data          0x00000000        0x0 ./source/App.o
 .bss           0x00000000        0x0 ./source/App.o
 .text.delayLoop
                0x00000000       0x20 ./source/App.o
 .group         0x00000000        0xc ./source/SysTick.o
 .group         0x00000000        0xc ./source/SysTick.o
 .group         0x00000000        0xc ./source/SysTick.o
 .group         0x00000000        0xc ./source/SysTick.o
 .group         0x00000000        0xc ./source/SysTick.o
 .group         0x00000000        0xc ./source/SysTick.o
 .group         0x00000000        0xc ./source/SysTick.o
 .group         0x00000000        0xc ./source/SysTick.o
 .group         0x00000000        0xc ./source/SysTick.o
 .group         0x00000000        0xc ./source/SysTick.o
 .group         0x00000000        0xc ./source/SysTick.o
 .text          0x00000000        0x0 ./source/SysTick.o
 .data          0x00000000        0x0 ./source/SysTick.o
 .bss           0x00000000        0x0 ./source/SysTick.o
 .debug_macro   0x00000000      0xa5a ./source/SysTick.o
 .debug_macro   0x00000000       0x22 ./source/SysTick.o
 .debug_macro   0x00000000      0x34e ./source/SysTick.o
 .group         0x00000000        0xc ./SDK/startup/hardware.o
 .group         0x00000000        0xc ./SDK/startup/hardware.o
 .group         0x00000000        0xc ./SDK/startup/hardware.o
 .group         0x00000000        0xc ./SDK/startup/hardware.o
 .group         0x00000000        0xc ./SDK/startup/hardware.o
 .group         0x00000000        0xc ./SDK/startup/hardware.o
 .group         0x00000000        0xc ./SDK/startup/hardware.o
 .group         0x00000000        0xc ./SDK/startup/hardware.o
 .group         0x00000000        0xc ./SDK/startup/hardware.o
 .group         0x00000000        0xc ./SDK/startup/hardware.o
 .group         0x00000000        0xc ./SDK/startup/hardware.o
 .group         0x00000000        0xc ./SDK/startup/hardware.o
 .group         0x00000000        0xc ./SDK/startup/hardware.o
 .text          0x00000000        0x0 ./SDK/startup/hardware.o
 .data          0x00000000        0x0 ./SDK/startup/hardware.o
 .bss           0x00000000        0x0 ./SDK/startup/hardware.o
 .debug_macro   0x00000000      0xa5a ./SDK/startup/hardware.o
 .debug_macro   0x00000000      0x34e ./SDK/startup/hardware.o
 .debug_macro   0x00000000       0x22 ./SDK/startup/hardware.o
 .debug_macro   0x00000000       0x5c ./SDK/startup/hardware.o
 .debug_macro   0x00000000       0x1c ./SDK/startup/hardware.o
 .debug_macro   0x00000000       0x22 ./SDK/startup/hardware.o
 .debug_macro   0x00000000       0xdf ./SDK/startup/hardware.o
 .debug_macro   0x00000000      0xecf ./SDK/startup/hardware.o
 .debug_macro   0x00000000       0x48 ./SDK/startup/hardware.o
 .debug_macro   0x00000000     0xe07b ./SDK/startup/hardware.o
 .group         0x00000000        0xc ./SDK/startup/main.o
 .group         0x00000000        0xc ./SDK/startup/main.o
 .group         0x00000000        0xc ./SDK/startup/main.o
 .group         0x00000000        0xc ./SDK/startup/main.o
 .group         0x00000000        0xc ./SDK/startup/main.o
 .group         0x00000000        0xc ./SDK/startup/main.o
 .group         0x00000000        0xc ./SDK/startup/main.o
 .group         0x00000000        0xc ./SDK/startup/main.o
 .group         0x00000000        0xc ./SDK/startup/main.o
 .group         0x00000000        0xc ./SDK/startup/main.o
 .group         0x00000000        0xc ./SDK/startup/main.o
 .group         0x00000000        0xc ./SDK/startup/main.o
 .group         0x00000000        0xc ./SDK/startup/main.o
 .text          0x00000000        0x0 ./SDK/startup/main.o
 .data          0x00000000        0x0 ./SDK/startup/main.o
 .bss           0x00000000        0x0 ./SDK/startup/main.o
 .debug_macro   0x00000000      0xa5a ./SDK/startup/main.o
 .debug_macro   0x00000000      0x34e ./SDK/startup/main.o
 .debug_macro   0x00000000       0x22 ./SDK/startup/main.o
 .debug_macro   0x00000000       0x10 ./SDK/startup/main.o
 .debug_macro   0x00000000       0x5c ./SDK/startup/main.o
 .debug_macro   0x00000000       0x1c ./SDK/startup/main.o
 .debug_macro   0x00000000       0x22 ./SDK/startup/main.o
 .debug_macro   0x00000000       0xdf ./SDK/startup/main.o
 .debug_macro   0x00000000      0xecf ./SDK/startup/main.o
 .debug_macro   0x00000000       0x48 ./SDK/startup/main.o
 .debug_macro   0x00000000     0xe07b ./SDK/startup/main.o
 .debug_macro   0x00000000     0x122b ./SDK/startup/main.o
 .debug_macro   0x00000000       0x16 ./SDK/startup/main.o
 .group         0x00000000        0xc ./SDK/startup/semihost_hardfault.o
 .text          0x00000000        0x0 ./SDK/startup/semihost_hardfault.o
 .data          0x00000000        0x0 ./SDK/startup/semihost_hardfault.o
 .bss           0x00000000        0x0 ./SDK/startup/semihost_hardfault.o
 .debug_macro   0x00000000      0xa5a ./SDK/startup/semihost_hardfault.o
 .group         0x00000000        0xc ./SDK/startup/startup_mk64f12.o
 .text          0x00000000        0x0 ./SDK/startup/startup_mk64f12.o
 .data          0x00000000        0x0 ./SDK/startup/startup_mk64f12.o
 .bss           0x00000000        0x0 ./SDK/startup/startup_mk64f12.o
 .debug_macro   0x00000000      0xa5a ./SDK/startup/startup_mk64f12.o
 .group         0x00000000        0xc ./SDK/CMSIS/system_MK64F12.o
 .group         0x00000000        0xc ./SDK/CMSIS/system_MK64F12.o
 .group         0x00000000        0xc ./SDK/CMSIS/system_MK64F12.o
 .group         0x00000000        0xc ./SDK/CMSIS/system_MK64F12.o
 .group         0x00000000        0xc ./SDK/CMSIS/system_MK64F12.o
 .group         0x00000000        0xc ./SDK/CMSIS/system_MK64F12.o
 .group         0x00000000        0xc ./SDK/CMSIS/system_MK64F12.o
 .group         0x00000000        0xc ./SDK/CMSIS/system_MK64F12.o
 .group         0x00000000        0xc ./SDK/CMSIS/system_MK64F12.o
 .group         0x00000000        0xc ./SDK/CMSIS/system_MK64F12.o
 .group         0x00000000        0xc ./SDK/CMSIS/system_MK64F12.o
 .text          0x00000000        0x0 ./SDK/CMSIS/system_MK64F12.o
 .data          0x00000000        0x0 ./SDK/CMSIS/system_MK64F12.o
 .bss           0x00000000        0x0 ./SDK/CMSIS/system_MK64F12.o
 .data.SystemCoreClock
                0x00000000        0x4 ./SDK/CMSIS/system_MK64F12.o
 .text.SystemCoreClockUpdate
                0x00000000      0x278 ./SDK/CMSIS/system_MK64F12.o
 .debug_macro   0x00000000      0xa5a ./SDK/CMSIS/system_MK64F12.o
 .debug_macro   0x00000000      0x34e ./SDK/CMSIS/system_MK64F12.o
 .debug_macro   0x00000000       0x10 ./SDK/CMSIS/system_MK64F12.o
 .debug_macro   0x00000000       0x5c ./SDK/CMSIS/system_MK64F12.o
 .debug_macro   0x00000000       0x1c ./SDK/CMSIS/system_MK64F12.o
 .debug_macro   0x00000000       0x22 ./SDK/CMSIS/system_MK64F12.o
 .debug_macro   0x00000000       0xdf ./SDK/CMSIS/system_MK64F12.o
 .debug_macro   0x00000000      0xecf ./SDK/CMSIS/system_MK64F12.o
 .debug_macro   0x00000000       0x48 ./SDK/CMSIS/system_MK64F12.o
 .debug_macro   0x00000000     0xe07b ./SDK/CMSIS/system_MK64F12.o
 .debug_macro   0x00000000     0x122b ./SDK/CMSIS/system_MK64F12.o

Memory Configuration

Name             Origin             Length             Attributes
PROGRAM_FLASH    0x00000000         0x00100000         xr
SRAM_UPPER       0x20000000         0x00030000         xrw
SRAM_LOWER       0x1fff0000         0x00010000         xrw
FLEX_RAM         0x14000000         0x00001000         xrw
*default*        0x00000000         0xffffffff

Linker script and memory map

LOAD ./source/App.o
LOAD ./source/SysTick.o
LOAD ./SDK/startup/hardware.o
LOAD ./SDK/startup/main.o
LOAD ./SDK/startup/semihost_hardfault.o
LOAD ./SDK/startup/startup_mk64f12.o
LOAD ./SDK/CMSIS/system_MK64F12.o
START GROUP
LOAD c:/nxp/mcuxpressoide_10.2.0_759/ide/tools/bin/../lib/gcc/arm-none-eabi/7.2.1/../../../../arm-none-eabi/lib/thumb/v7e-m/fpv4-sp/hard\libcr_c.a
LOAD c:/nxp/mcuxpressoide_10.2.0_759/ide/tools/bin/../lib/gcc/arm-none-eabi/7.2.1/thumb/v7e-m/fpv4-sp/hard\libcr_eabihelpers.a
END GROUP
                0x00000000                __base_PROGRAM_FLASH = 0x0
                0x00000000                __base_Flash = 0x0
                0x00100000                __top_PROGRAM_FLASH = 0x100000
                0x00100000                __top_Flash = 0x100000
                0x20000000                __base_SRAM_UPPER = 0x20000000
                0x20000000                __base_RAM = 0x20000000
                0x20030000                __top_SRAM_UPPER = 0x20030000
                0x20030000                __top_RAM = 0x20030000
                0x1fff0000                __base_SRAM_LOWER = 0x1fff0000
                0x1fff0000                __base_RAM2 = 0x1fff0000
                0x20000000                __top_SRAM_LOWER = 0x20000000
                0x20000000                __top_RAM2 = 0x20000000
                0x14000000                __base_FLEX_RAM = 0x14000000
                0x14000000                __base_RAM3 = 0x14000000
                0x14001000                __top_FLEX_RAM = 0x14001000
                0x14001000                __top_RAM3 = 0x14001000

.text           0x00000000      0xa18
 FILL mask 0xff
                0x00000000                __vectors_start__ = ABSOLUTE (.)
 *(SORT_BY_ALIGNMENT(.isr_vector))
 .isr_vector    0x00000000      0x198 ./SDK/startup/startup_mk64f12.o
                0x00000000                g_pfnVectors
                0x00000000                __Vectors
                0x00000198                . = ALIGN (0x4)
                0x00000198                __section_table_start = .
                0x00000198                __data_section_table = .
                0x00000198        0x4 LONG 0xa18 LOADADDR (.data)
                0x0000019c        0x4 LONG 0x20000000 ADDR (.data)
                0x000001a0        0x4 LONG 0x0 SIZEOF (.data)
                0x000001a4        0x4 LONG 0xa18 LOADADDR (.data_RAM2)
                0x000001a8        0x4 LONG 0x1fff0000 ADDR (.data_RAM2)
                0x000001ac        0x4 LONG 0x0 SIZEOF (.data_RAM2)
                0x000001b0        0x4 LONG 0xa18 LOADADDR (.data_RAM3)
                0x000001b4        0x4 LONG 0x14000000 ADDR (.data_RAM3)
                0x000001b8        0x4 LONG 0x0 SIZEOF (.data_RAM3)
                0x000001bc                __data_section_table_end = .
                0x000001bc                __bss_section_table = .
                0x000001bc        0x4 LONG 0x20000000 ADDR (.bss)
                0x000001c0        0x4 LONG 0x10 SIZEOF (.bss)
                0x000001c4        0x4 LONG 0x1fff0000 ADDR (.bss_RAM2)
                0x000001c8        0x4 LONG 0x0 SIZEOF (.bss_RAM2)
                0x000001cc        0x4 LONG 0x14000000 ADDR (.bss_RAM3)
                0x000001d0        0x4 LONG 0x0 SIZEOF (.bss_RAM3)
                0x000001d4                __bss_section_table_end = .
                0x000001d4                __section_table_end = .
 *(SORT_BY_ALIGNMENT(.after_vectors*))
 .after_vectors.reset
                0x000001d4       0x4c ./SDK/startup/startup_mk64f12.o
                0x000001d4                ResetISR
 .after_vectors.init_data
                0x00000220       0x1e ./SDK/startup/startup_mk64f12.o
                0x00000220                data_init
 .after_vectors.init_bss
                0x0000023e       0x12 ./SDK/startup/startup_mk64f12.o
                0x0000023e                bss_init
 .after_vectors
                0x00000250       0x14 ./SDK/startup/startup_mk64f12.o
                0x00000250                NMI_Handler
                0x00000254                MemManage_Handler
                0x00000256                BusFault_Handler
                0x00000258                UsageFault_Handler
                0x0000025a                SVC_Handler
                0x0000025c                DebugMon_Handler
                0x0000025e                PendSV_Handler
                0x00000262                DMA_Error_DriverIRQHandler
                0x00000262                LPTMR0_DriverIRQHandler
                0x00000262                FTM1_DriverIRQHandler
                0x00000262                FTM2_DriverIRQHandler
                0x00000262                PIT2_DriverIRQHandler
                0x00000262                SDHC_DriverIRQHandler
                0x00000262                I2S0_Tx_DriverIRQHandler
                0x00000262                RTC_Seconds_DriverIRQHandler
                0x00000262                DMA6_DriverIRQHandler
                0x00000262                LLWU_DriverIRQHandler
                0x00000262                MCM_DriverIRQHandler
                0x00000262                MCG_DriverIRQHandler
                0x00000262                ENET_1588_Timer_DriverIRQHandler
                0x00000262                I2C2_DriverIRQHandler
                0x00000262                DAC1_DriverIRQHandler
                0x00000262                SPI1_DriverIRQHandler
                0x00000262                CMP1_DriverIRQHandler
                0x00000262                UART5_RX_TX_DriverIRQHandler
                0x00000262                FTM0_DriverIRQHandler
                0x00000262                IntDefaultHandler
                0x00000262                USB0_DriverIRQHandler
                0x00000262                UART5_ERR_DriverIRQHandler
                0x00000262                PORTC_DriverIRQHandler
                0x00000262                DMA11_DriverIRQHandler
                0x00000262                DAC0_DriverIRQHandler
                0x00000262                DMA10_DriverIRQHandler
                0x00000262                CMP2_DriverIRQHandler
                0x00000262                UART2_ERR_DriverIRQHandler
                0x00000262                SPI2_DriverIRQHandler
                0x00000262                LVD_LVW_DriverIRQHandler
                0x00000262                PIT0_DriverIRQHandler
                0x00000262                RNG_DriverIRQHandler
                0x00000262                DMA5_DriverIRQHandler
                0x00000262                DMA12_DriverIRQHandler
                0x00000262                UART2_RX_TX_DriverIRQHandler
                0x00000262                USBDCD_DriverIRQHandler
                0x00000262                UART3_ERR_DriverIRQHandler
                0x00000262                DMA3_DriverIRQHandler
                0x00000262                DMA8_DriverIRQHandler
                0x00000262                DMA9_DriverIRQHandler
                0x00000262                UART0_ERR_DriverIRQHandler
                0x00000262                CMT_DriverIRQHandler
                0x00000262                Reserved71_DriverIRQHandler
                0x00000262                ADC1_DriverIRQHandler
                0x00000262                PORTA_DriverIRQHandler
                0x00000262                DMA14_DriverIRQHandler
                0x00000262                PIT3_DriverIRQHandler
                0x00000262                PIT1_DriverIRQHandler
                0x00000262                WDOG_EWM_DriverIRQHandler
                0x00000262                PDB0_DriverIRQHandler
                0x00000262                RTC_DriverIRQHandler
                0x00000262                I2S0_Rx_DriverIRQHandler
                0x00000262                Read_Collision_DriverIRQHandler
                0x00000262                SWI_DriverIRQHandler
                0x00000262                UART4_RX_TX_DriverIRQHandler
                0x00000262                UART4_ERR_DriverIRQHandler
                0x00000262                PORTB_DriverIRQHandler
                0x00000262                UART0_LON_DriverIRQHandler
                0x00000262                DMA0_DriverIRQHandler
                0x00000262                DMA1_DriverIRQHandler
                0x00000262                I2C1_DriverIRQHandler
                0x00000262                UART3_RX_TX_DriverIRQHandler
                0x00000262                ENET_Receive_DriverIRQHandler
                0x00000262                DMA13_DriverIRQHandler
                0x00000262                ENET_Error_DriverIRQHandler
                0x00000262                DMA15_DriverIRQHandler
                0x00000262                UART0_RX_TX_DriverIRQHandler
                0x00000262                SPI0_DriverIRQHandler
                0x00000262                ADC0_DriverIRQHandler
                0x00000262                CMP0_DriverIRQHandler
                0x00000262                CAN0_DriverIRQHandler
                0x00000262                FTM3_DriverIRQHandler
                0x00000262                DMA4_DriverIRQHandler
                0x00000262                UART1_ERR_DriverIRQHandler
                0x00000262                DMA2_DriverIRQHandler
                0x00000262                ENET_Transmit_DriverIRQHandler
                0x00000262                PORTD_DriverIRQHandler
                0x00000262                PORTE_DriverIRQHandler
                0x00000262                FTFE_DriverIRQHandler
                0x00000262                I2C0_DriverIRQHandler
                0x00000262                DMA7_DriverIRQHandler
                0x00000262                UART1_RX_TX_DriverIRQHandler
                0x00000400                . = 0x400
 *fill*         0x00000264      0x19c ff
                0x00000400                PROVIDE (__FLASH_CONFIG_START__, .)
 *(SORT_BY_ALIGNMENT(.FlashConfig))
 .FlashConfig   0x00000400       0x10 ./SDK/startup/startup_mk64f12.o
                0x00000400                Flash_Config
                0x00000410                PROVIDE (__FLASH_CONFIG_END__, .)
                0x00000001                ASSERT (! ((__FLASH_CONFIG_START__ == __FLASH_CONFIG_END__)), Linker Flash Config Support Enabled, but no .FlashConfig section provided within application)
 *(SORT_BY_ALIGNMENT(.text*))
 .text.App_Init
                0x00000410       0x48 ./source/App.o
                0x00000410                App_Init
 .text.button_handler
                0x00000458       0x40 ./source/App.o
                0x00000458                button_handler
 .text.systick_callback
                0x00000498       0x3c ./source/App.o
                0x00000498                systick_callback
 .text.__NVIC_EnableIRQ
                0x000004d4       0x3c ./source/SysTick.o
 .text.SysTick_Init
                0x00000510       0x50 ./source/SysTick.o
                0x00000510                SysTick_Init
 .text.SysTick_Handler
                0x00000560       0x14 ./source/SysTick.o
                0x00000560                SysTick_Handler
 .text.hw_Init  0x00000574      0x10c ./SDK/startup/hardware.o
                0x00000574                hw_Init
 .text.hw_EnableInterrupts
                0x00000680       0x30 ./SDK/startup/hardware.o
                0x00000680                hw_EnableInterrupts
 .text.hw_DisableInterrupts
                0x000006b0       0x20 ./SDK/startup/hardware.o
                0x000006b0                hw_DisableInterrupts
 .text.SystemInit
                0x000006d0       0x3c ./SDK/CMSIS/system_MK64F12.o
                0x000006d0                SystemInit
 .text.App_Run  0x0000070c        0x6 ./source/App.o
                0x0000070c                App_Run
 .text.main     0x00000712       0x1a ./SDK/startup/main.o
                0x00000712                main
 .text.HardFault_Handler
                0x0000072c       0x2c ./SDK/startup/semihost_hardfault.o
                0x0000072c                HardFault_Handler
 .text.DMA0_IRQHandler
                0x00000758        0x8 ./SDK/startup/startup_mk64f12.o
                0x00000758                DMA0_IRQHandler
 .text.DMA1_IRQHandler
                0x00000760        0x8 ./SDK/startup/startup_mk64f12.o
                0x00000760                DMA1_IRQHandler
 .text.DMA2_IRQHandler
                0x00000768        0x8 ./SDK/startup/startup_mk64f12.o
                0x00000768                DMA2_IRQHandler
 .text.DMA3_IRQHandler
                0x00000770        0x8 ./SDK/startup/startup_mk64f12.o
                0x00000770                DMA3_IRQHandler
 .text.DMA4_IRQHandler
                0x00000778        0x8 ./SDK/startup/startup_mk64f12.o
                0x00000778                DMA4_IRQHandler
 .text.DMA5_IRQHandler
                0x00000780        0x8 ./SDK/startup/startup_mk64f12.o
                0x00000780                DMA5_IRQHandler
 .text.DMA6_IRQHandler
                0x00000788        0x8 ./SDK/startup/startup_mk64f12.o
                0x00000788                DMA6_IRQHandler
 .text.DMA7_IRQHandler
                0x00000790        0x8 ./SDK/startup/startup_mk64f12.o
                0x00000790                DMA7_IRQHandler
 .text.DMA8_IRQHandler
                0x00000798        0x8 ./SDK/startup/startup_mk64f12.o
                0x00000798                DMA8_IRQHandler
 .text.DMA9_IRQHandler
                0x000007a0        0x8 ./SDK/startup/startup_mk64f12.o
                0x000007a0                DMA9_IRQHandler
 .text.DMA10_IRQHandler
                0x000007a8        0x8 ./SDK/startup/startup_mk64f12.o
                0x000007a8                DMA10_IRQHandler
 .text.DMA11_IRQHandler
                0x000007b0        0x8 ./SDK/startup/startup_mk64f12.o
                0x000007b0                DMA11_IRQHandler
 .text.DMA12_IRQHandler
                0x000007b8        0x8 ./SDK/startup/startup_mk64f12.o
                0x000007b8                DMA12_IRQHandler
 .text.DMA13_IRQHandler
                0x000007c0        0x8 ./SDK/startup/startup_mk64f12.o
                0x000007c0                DMA13_IRQHandler
 .text.DMA14_IRQHandler
                0x000007c8        0x8 ./SDK/startup/startup_mk64f12.o
                0x000007c8                DMA14_IRQHandler
 .text.DMA15_IRQHandler
                0x000007d0        0x8 ./SDK/startup/startup_mk64f12.o
                0x000007d0                DMA15_IRQHandler
 .text.DMA_Error_IRQHandler
                0x000007d8        0x8 ./SDK/startup/startup_mk64f12.o
                0x000007d8                DMA_Error_IRQHandler
 .text.MCM_IRQHandler
                0x000007e0        0x8 ./SDK/startup/startup_mk64f12.o
                0x000007e0                MCM_IRQHandler
 .text.FTFE_IRQHandler
                0x000007e8        0x8 ./SDK/startup/startup_mk64f12.o
                0x000007e8                FTFE_IRQHandler
 .text.Read_Collision_IRQHandler
                0x000007f0        0x8 ./SDK/startup/startup_mk64f12.o
                0x000007f0                Read_Collision_IRQHandler
 .text.LVD_LVW_IRQHandler
                0x000007f8        0x8 ./SDK/startup/startup_mk64f12.o
                0x000007f8                LVD_LVW_IRQHandler
 .text.LLWU_IRQHandler
                0x00000800        0x8 ./SDK/startup/startup_mk64f12.o
                0x00000800                LLWU_IRQHandler
 .text.WDOG_EWM_IRQHandler
                0x00000808        0x8 ./SDK/startup/startup_mk64f12.o
                0x00000808                WDOG_EWM_IRQHandler
 .text.RNG_IRQHandler
                0x00000810        0x8 ./SDK/startup/startup_mk64f12.o
                0x00000810                RNG_IRQHandler
 .text.I2C0_IRQHandler
                0x00000818        0x8 ./SDK/startup/startup_mk64f12.o
                0x00000818                I2C0_IRQHandler
 .text.I2C1_IRQHandler
                0x00000820        0x8 ./SDK/startup/startup_mk64f12.o
                0x00000820                I2C1_IRQHandler
 .text.SPI0_IRQHandler
                0x00000828        0x8 ./SDK/startup/startup_mk64f12.o
                0x00000828                SPI0_IRQHandler
 .text.SPI1_IRQHandler
                0x00000830        0x8 ./SDK/startup/startup_mk64f12.o
                0x00000830                SPI1_IRQHandler
 .text.I2S0_Tx_IRQHandler
                0x00000838        0x8 ./SDK/startup/startup_mk64f12.o
                0x00000838                I2S0_Tx_IRQHandler
 .text.I2S0_Rx_IRQHandler
                0x00000840        0x8 ./SDK/startup/startup_mk64f12.o
                0x00000840                I2S0_Rx_IRQHandler
 .text.UART0_LON_IRQHandler
                0x00000848        0x8 ./SDK/startup/startup_mk64f12.o
                0x00000848                UART0_LON_IRQHandler
 .text.UART0_RX_TX_IRQHandler
                0x00000850        0x8 ./SDK/startup/startup_mk64f12.o
                0x00000850                UART0_RX_TX_IRQHandler
 .text.UART0_ERR_IRQHandler
                0x00000858        0x8 ./SDK/startup/startup_mk64f12.o
                0x00000858                UART0_ERR_IRQHandler
 .text.UART1_RX_TX_IRQHandler
                0x00000860        0x8 ./SDK/startup/startup_mk64f12.o
                0x00000860                UART1_RX_TX_IRQHandler
 .text.UART1_ERR_IRQHandler
                0x00000868        0x8 ./SDK/startup/startup_mk64f12.o
                0x00000868                UART1_ERR_IRQHandler
 .text.UART2_RX_TX_IRQHandler
                0x00000870        0x8 ./SDK/startup/startup_mk64f12.o
                0x00000870                UART2_RX_TX_IRQHandler
 .text.UART2_ERR_IRQHandler
                0x00000878        0x8 ./SDK/startup/startup_mk64f12.o
                0x00000878                UART2_ERR_IRQHandler
 .text.UART3_RX_TX_IRQHandler
                0x00000880        0x8 ./SDK/startup/startup_mk64f12.o
                0x00000880                UART3_RX_TX_IRQHandler
 .text.UART3_ERR_IRQHandler
                0x00000888        0x8 ./SDK/startup/startup_mk64f12.o
                0x00000888                UART3_ERR_IRQHandler
 .text.ADC0_IRQHandler
                0x00000890        0x8 ./SDK/startup/startup_mk64f12.o
                0x00000890                ADC0_IRQHandler
 .text.CMP0_IRQHandler
                0x00000898        0x8 ./SDK/startup/startup_mk64f12.o
                0x00000898                CMP0_IRQHandler
 .text.CMP1_IRQHandler
                0x000008a0        0x8 ./SDK/startup/startup_mk64f12.o
                0x000008a0                CMP1_IRQHandler
 .text.FTM0_IRQHandler
                0x000008a8        0x8 ./SDK/startup/startup_mk64f12.o
                0x000008a8                FTM0_IRQHandler
 .text.FTM1_IRQHandler
                0x000008b0        0x8 ./SDK/startup/startup_mk64f12.o
                0x000008b0                FTM1_IRQHandler
 .text.FTM2_IRQHandler
                0x000008b8        0x8 ./SDK/startup/startup_mk64f12.o
                0x000008b8                FTM2_IRQHandler
 .text.CMT_IRQHandler
                0x000008c0        0x8 ./SDK/startup/startup_mk64f12.o
                0x000008c0                CMT_IRQHandler
 .text.RTC_IRQHandler
                0x000008c8        0x8 ./SDK/startup/startup_mk64f12.o
                0x000008c8                RTC_IRQHandler
 .text.RTC_Seconds_IRQHandler
                0x000008d0        0x8 ./SDK/startup/startup_mk64f12.o
                0x000008d0                RTC_Seconds_IRQHandler
 .text.PIT0_IRQHandler
                0x000008d8        0x8 ./SDK/startup/startup_mk64f12.o
                0x000008d8                PIT0_IRQHandler
 .text.PIT1_IRQHandler
                0x000008e0        0x8 ./SDK/startup/startup_mk64f12.o
                0x000008e0                PIT1_IRQHandler
 .text.PIT2_IRQHandler
                0x000008e8        0x8 ./SDK/startup/startup_mk64f12.o
                0x000008e8                PIT2_IRQHandler
 .text.PIT3_IRQHandler
                0x000008f0        0x8 ./SDK/startup/startup_mk64f12.o
                0x000008f0                PIT3_IRQHandler
 .text.PDB0_IRQHandler
                0x000008f8        0x8 ./SDK/startup/startup_mk64f12.o
                0x000008f8                PDB0_IRQHandler
 .text.USB0_IRQHandler
                0x00000900        0x8 ./SDK/startup/startup_mk64f12.o
                0x00000900                USB0_IRQHandler
 .text.USBDCD_IRQHandler
                0x00000908        0x8 ./SDK/startup/startup_mk64f12.o
                0x00000908                USBDCD_IRQHandler
 .text.Reserved71_IRQHandler
                0x00000910        0x8 ./SDK/startup/startup_mk64f12.o
                0x00000910                Reserved71_IRQHandler
 .text.DAC0_IRQHandler
                0x00000918        0x8 ./SDK/startup/startup_mk64f12.o
                0x00000918                DAC0_IRQHandler
 .text.MCG_IRQHandler
                0x00000920        0x8 ./SDK/startup/startup_mk64f12.o
                0x00000920                MCG_IRQHandler
 .text.LPTMR0_IRQHandler
                0x00000928        0x8 ./SDK/startup/startup_mk64f12.o
                0x00000928                LPTMR0_IRQHandler
 .text.PORTA_IRQHandler
                0x00000930        0x8 ./SDK/startup/startup_mk64f12.o
                0x00000930                PORTA_IRQHandler
 .text.PORTB_IRQHandler
                0x00000938        0x8 ./SDK/startup/startup_mk64f12.o
                0x00000938                PORTB_IRQHandler
 .text.PORTC_IRQHandler
                0x00000940        0x8 ./SDK/startup/startup_mk64f12.o
                0x00000940                PORTC_IRQHandler
 .text.PORTD_IRQHandler
                0x00000948        0x8 ./SDK/startup/startup_mk64f12.o
                0x00000948                PORTD_IRQHandler
 .text.PORTE_IRQHandler
                0x00000950        0x8 ./SDK/startup/startup_mk64f12.o
                0x00000950                PORTE_IRQHandler
 .text.SWI_IRQHandler
                0x00000958        0x8 ./SDK/startup/startup_mk64f12.o
                0x00000958                SWI_IRQHandler
 .text.SPI2_IRQHandler
                0x00000960        0x8 ./SDK/startup/startup_mk64f12.o
                0x00000960                SPI2_IRQHandler
 .text.UART4_RX_TX_IRQHandler
                0x00000968        0x8 ./SDK/startup/startup_mk64f12.o
                0x00000968                UART4_RX_TX_IRQHandler
 .text.UART4_ERR_IRQHandler
                0x00000970        0x8 ./SDK/startup/startup_mk64f12.o
                0x00000970                UART4_ERR_IRQHandler
 .text.UART5_RX_TX_IRQHandler
                0x00000978        0x8 ./SDK/startup/startup_mk64f12.o
                0x00000978                UART5_RX_TX_IRQHandler
 .text.UART5_ERR_IRQHandler
                0x00000980        0x8 ./SDK/startup/startup_mk64f12.o
                0x00000980                UART5_ERR_IRQHandler
 .text.CMP2_IRQHandler
                0x00000988        0x8 ./SDK/startup/startup_mk64f12.o
                0x00000988                CMP2_IRQHandler
 .text.FTM3_IRQHandler
                0x00000990        0x8 ./SDK/startup/startup_mk64f12.o
                0x00000990                FTM3_IRQHandler
 .text.DAC1_IRQHandler
                0x00000998        0x8 ./SDK/startup/startup_mk64f12.o
                0x00000998                DAC1_IRQHandler
 .text.ADC1_IRQHandler
                0x000009a0        0x8 ./SDK/startup/startup_mk64f12.o
                0x000009a0                ADC1_IRQHandler
 .text.I2C2_IRQHandler
                0x000009a8        0x8 ./SDK/startup/startup_mk64f12.o
                0x000009a8                I2C2_IRQHandler
 .text.CAN0_ORed_Message_buffer_IRQHandler
                0x000009b0        0x8 ./SDK/startup/startup_mk64f12.o
                0x000009b0                CAN0_ORed_Message_buffer_IRQHandler
 .text.CAN0_Bus_Off_IRQHandler
                0x000009b8        0x8 ./SDK/startup/startup_mk64f12.o
                0x000009b8                CAN0_Bus_Off_IRQHandler
 .text.CAN0_Error_IRQHandler
                0x000009c0        0x8 ./SDK/startup/startup_mk64f12.o
                0x000009c0                CAN0_Error_IRQHandler
 .text.CAN0_Tx_Warning_IRQHandler
                0x000009c8        0x8 ./SDK/startup/startup_mk64f12.o
                0x000009c8                CAN0_Tx_Warning_IRQHandler
 .text.CAN0_Rx_Warning_IRQHandler
                0x000009d0        0x8 ./SDK/startup/startup_mk64f12.o
                0x000009d0                CAN0_Rx_Warning_IRQHandler
 .text.CAN0_Wake_Up_IRQHandler
                0x000009d8        0x8 ./SDK/startup/startup_mk64f12.o
                0x000009d8                CAN0_Wake_Up_IRQHandler
 .text.SDHC_IRQHandler
                0x000009e0        0x8 ./SDK/startup/startup_mk64f12.o
                0x000009e0                SDHC_IRQHandler
 .text.ENET_1588_Timer_IRQHandler
                0x000009e8        0x8 ./SDK/startup/startup_mk64f12.o
                0x000009e8                ENET_1588_Timer_IRQHandler
 .text.ENET_Transmit_IRQHandler
                0x000009f0        0x8 ./SDK/startup/startup_mk64f12.o
                0x000009f0                ENET_Transmit_IRQHandler
 .text.ENET_Receive_IRQHandler
                0x000009f8        0x8 ./SDK/startup/startup_mk64f12.o
                0x000009f8                ENET_Receive_IRQHandler
 .text.ENET_Error_IRQHandler
                0x00000a00        0x8 ./SDK/startup/startup_mk64f12.o
                0x00000a00                ENET_Error_IRQHandler
 .text.SystemInitHook
                0x00000a08        0xe ./SDK/CMSIS/system_MK64F12.o
                0x00000a08                SystemInitHook
 *(SORT_BY_ALIGNMENT(.rodata) SORT_BY_ALIGNMENT(.rodata.*) SORT_BY_ALIGNMENT(.constdata) SORT_BY_ALIGNMENT(.constdata.*))
                0x00000a18                . = ALIGN (0x8)
 *fill*         0x00000a16        0x2 ff

.glue_7         0x00000a18        0x0
 .glue_7        0x00000a18        0x0 linker stubs

.glue_7t        0x00000a18        0x0
 .glue_7t       0x00000a18        0x0 linker stubs

.vfp11_veneer   0x00000a18        0x0
 .vfp11_veneer  0x00000a18        0x0 linker stubs

.v4_bx          0x00000a18        0x0
 .v4_bx         0x00000a18        0x0 linker stubs

.iplt           0x00000a18        0x0
 .iplt          0x00000a18        0x0 ./source/App.o

.rel.dyn        0x00000a18        0x0
 .rel.iplt      0x00000a18        0x0 ./source/App.o

.ARM.extab
 *(SORT_BY_ALIGNMENT(.ARM.extab*) SORT_BY_ALIGNMENT(.gnu.linkonce.armextab.*))
                0x00000a18                __exidx_start = .

.ARM.exidx
 *(SORT_BY_ALIGNMENT(.ARM.exidx*) SORT_BY_ALIGNMENT(.gnu.linkonce.armexidx.*))
                0x00000a18                __exidx_end = .
                0x00000a18                _etext = .

.m_usb_data
 *(SORT_BY_ALIGNMENT(m_usb_bdt))

.data_RAM2      0x1fff0000        0x0 load address 0x00000a18
 FILL mask 0xff
                [!provide]                PROVIDE (__start_data_RAM2, .)
 *(SORT_BY_ALIGNMENT(.ramfunc.$RAM2))
 *(SORT_BY_ALIGNMENT(.ramfunc.$SRAM_LOWER))
 *(SORT_BY_ALIGNMENT(.data.$RAM2*))
 *(SORT_BY_ALIGNMENT(.data.$SRAM_LOWER*))
                0x1fff0000                . = ALIGN (0x8)
                [!provide]                PROVIDE (__end_data_RAM2, .)

.data_RAM3      0x14000000        0x0 load address 0x00000a18
 FILL mask 0xff
                [!provide]                PROVIDE (__start_data_RAM3, .)
 *(SORT_BY_ALIGNMENT(.ramfunc.$RAM3))
 *(SORT_BY_ALIGNMENT(.ramfunc.$FLEX_RAM))
 *(SORT_BY_ALIGNMENT(.data.$RAM3*))
 *(SORT_BY_ALIGNMENT(.data.$FLEX_RAM*))
                0x14000000                . = ALIGN (0x8)
                [!provide]                PROVIDE (__end_data_RAM3, .)

.uninit_RESERVED
                0x20000000        0x0
 *(SORT_BY_ALIGNMENT(.bss.$RESERVED*))
                0x20000000                . = ALIGN (0x4)
                0x20000000                _end_uninit_RESERVED = .

.data           0x20000000        0x0 load address 0x00000a18
 FILL mask 0xff
                0x20000000                _data = .
 *(SORT_BY_ALIGNMENT(vtable))
 *(SORT_BY_ALIGNMENT(.ramfunc*))
 *(SORT_BY_ALIGNMENT(.data*))
                0x20000000                . = ALIGN (0x8)
                0x20000000                _edata = .

.igot.plt       0x20000000        0x0 load address 0x00000a18
 .igot.plt      0x20000000        0x0 ./source/App.o

.bss_RAM2       0x1fff0000        0x0
                [!provide]                PROVIDE (__start_bss_RAM2, .)
 *(SORT_BY_ALIGNMENT(.bss.$RAM2*))
 *(SORT_BY_ALIGNMENT(.bss.$SRAM_LOWER*))
                0x1fff0000                . = ALIGN ((. != 0x0)?0x8:0x1)
                [!provide]                PROVIDE (__end_bss_RAM2, .)

.bss_RAM3       0x14000000        0x0
                [!provide]                PROVIDE (__start_bss_RAM3, .)
 *(SORT_BY_ALIGNMENT(.bss.$RAM3*))
 *(SORT_BY_ALIGNMENT(.bss.$FLEX_RAM*))
                0x14000000                . = ALIGN ((. != 0x0)?0x8:0x1)
                [!provide]                PROVIDE (__end_bss_RAM3, .)

.bss            0x20000000       0x10
                0x20000000                _bss = .
 *(SORT_BY_ALIGNMENT(.bss*))
 .bss.counter.4981
                0x20000000        0x4 ./source/App.o
 .bss.callback  0x20000004        0x4 ./source/SysTick.o
                0x20000004                callback
 .bss.__LDM_interruptDisableCount
                0x20000008        0x4 ./SDK/startup/hardware.o
 .bss.baliza    0x2000000c        0x1 ./source/App.o
                0x2000000c                baliza
 *(SORT_BY_ALIGNMENT(COMMON))
                0x20000010                . = ALIGN (0x8)
 *fill*         0x2000000d        0x3 
                0x20000010                _ebss = .
                [!provide]                PROVIDE (end, .)

.noinit_RAM2    0x1fff0000        0x0
 *(SORT_BY_ALIGNMENT(.noinit.$RAM2*))
 *(SORT_BY_ALIGNMENT(.noinit.$SRAM_LOWER*))
                0x1fff0000                . = ALIGN (0x8)

.noinit_RAM3    0x14000000        0x0
 *(SORT_BY_ALIGNMENT(.noinit.$RAM3*))
 *(SORT_BY_ALIGNMENT(.noinit.$FLEX_RAM*))
                0x14000000                . = ALIGN (0x8)

.noinit         0x20000010        0x0
                0x20000010                _noinit = .
 *(SORT_BY_ALIGNMENT(.noinit*))
                0x20000010                . = ALIGN (0x8)
                0x20000010                _end_noinit = .
                0x00001000                _HeapSize = 0x1000

.heap           0x20000010     0x1000
                0x20000010                _pvHeapStart = .
                0x20001010                . = (. + _HeapSize)
 *fill*         0x20000010     0x1000 
                0x20001010                . = ALIGN (0x8)
                0x20001010                _pvHeapLimit = .
                0x00001000                _StackSize = 0x1000

.heap2stackfill
                0x20001010     0x1000
                0x20002010                . = (. + _StackSize)
 *fill*         0x20001010     0x1000 

.stack          0x2002f000        0x0
                0x2002f000                _vStackBase = .
                0x2002f000                . = ALIGN (0x8)
                0x20030000                _vStackTop = (. + _StackSize)
                0x00000000                _image_start = LOADADDR (.text)
                0x00000a18                _image_end = (LOADADDR (.data) + SIZEOF (.data))
                0x00000a18                _image_size = (_image_end - _image_start)
OUTPUT(TP1.axf elf32-littlearm)

.debug_info     0x00000000     0x1c8b
 .debug_info    0x00000000      0x164 ./source/App.o
 .debug_info    0x00000164      0x514 ./source/SysTick.o
 .debug_info    0x00000678      0x675 ./SDK/startup/hardware.o
 .debug_info    0x00000ced       0xb7 ./SDK/startup/main.o
 .debug_info    0x00000da4       0x3b ./SDK/startup/semihost_hardfault.o
 .debug_info    0x00000ddf      0x8b0 ./SDK/startup/startup_mk64f12.o
 .debug_info    0x0000168f      0x5fc ./SDK/CMSIS/system_MK64F12.o

.debug_abbrev   0x00000000      0x703
 .debug_abbrev  0x00000000       0xee ./source/App.o
 .debug_abbrev  0x000000ee      0x196 ./source/SysTick.o
 .debug_abbrev  0x00000284      0x138 ./SDK/startup/hardware.o
 .debug_abbrev  0x000003bc       0x7d ./SDK/startup/main.o
 .debug_abbrev  0x00000439       0x2f ./SDK/startup/semihost_hardfault.o
 .debug_abbrev  0x00000468      0x15c ./SDK/startup/startup_mk64f12.o
 .debug_abbrev  0x000005c4      0x13f ./SDK/CMSIS/system_MK64F12.o

.debug_aranges  0x00000000      0x440
 .debug_aranges
                0x00000000       0x40 ./source/App.o
 .debug_aranges
                0x00000040       0x30 ./source/SysTick.o
 .debug_aranges
                0x00000070       0x30 ./SDK/startup/hardware.o
 .debug_aranges
                0x000000a0       0x20 ./SDK/startup/main.o
 .debug_aranges
                0x000000c0       0x20 ./SDK/startup/semihost_hardfault.o
 .debug_aranges
                0x000000e0      0x330 ./SDK/startup/startup_mk64f12.o
 .debug_aranges
                0x00000410       0x30 ./SDK/CMSIS/system_MK64F12.o

.debug_ranges   0x00000000      0x3d0
 .debug_ranges  0x00000000       0x30 ./source/App.o
 .debug_ranges  0x00000030       0x20 ./source/SysTick.o
 .debug_ranges  0x00000050       0x20 ./SDK/startup/hardware.o
 .debug_ranges  0x00000070       0x10 ./SDK/startup/main.o
 .debug_ranges  0x00000080       0x10 ./SDK/startup/semihost_hardfault.o
 .debug_ranges  0x00000090      0x320 ./SDK/startup/startup_mk64f12.o
 .debug_ranges  0x000003b0       0x20 ./SDK/CMSIS/system_MK64F12.o

.debug_macro    0x00000000    0x1160e
 .debug_macro   0x00000000       0x64 ./source/App.o
 .debug_macro   0x00000064      0xa5a ./source/App.o
 .debug_macro   0x00000abe      0x34e ./source/App.o
 .debug_macro   0x00000e0c       0x22 ./source/App.o
 .debug_macro   0x00000e2e       0x3a ./source/App.o
 .debug_macro   0x00000e68       0x3a ./source/App.o
 .debug_macro   0x00000ea2       0x10 ./source/App.o
 .debug_macro   0x00000eb2       0x9a ./source/SysTick.o
 .debug_macro   0x00000f4c       0x5c ./source/SysTick.o
 .debug_macro   0x00000fa8       0x1c ./source/SysTick.o
 .debug_macro   0x00000fc4       0x22 ./source/SysTick.o
 .debug_macro   0x00000fe6       0xdf ./source/SysTick.o
 .debug_macro   0x000010c5      0xecf ./source/SysTick.o
 .debug_macro   0x00001f94       0x48 ./source/SysTick.o
 .debug_macro   0x00001fdc     0xe07b ./source/SysTick.o
 .debug_macro   0x00010057      0x174 ./source/SysTick.o
 .debug_macro   0x000101cb       0x9c ./SDK/startup/hardware.o
 .debug_macro   0x00010267       0x10 ./SDK/startup/hardware.o
 .debug_macro   0x00010277     0x122b ./SDK/startup/hardware.o
 .debug_macro   0x000114a2       0x16 ./SDK/startup/hardware.o
 .debug_macro   0x000114b8       0x9c ./SDK/startup/main.o
 .debug_macro   0x00011554       0x11 ./SDK/startup/semihost_hardfault.o
 .debug_macro   0x00011565       0x29 ./SDK/startup/startup_mk64f12.o
 .debug_macro   0x0001158e       0x80 ./SDK/CMSIS/system_MK64F12.o

.debug_line     0x00000000      0xf00
 .debug_line    0x00000000      0x148 ./source/App.o
 .debug_line    0x00000148      0x177 ./source/SysTick.o
 .debug_line    0x000002bf      0x1d4 ./SDK/startup/hardware.o
 .debug_line    0x00000493      0x175 ./SDK/startup/main.o
 .debug_line    0x00000608       0x59 ./SDK/startup/semihost_hardfault.o
 .debug_line    0x00000661      0x6d8 ./SDK/startup/startup_mk64f12.o
 .debug_line    0x00000d39      0x1c7 ./SDK/CMSIS/system_MK64F12.o

.debug_str      0x00000000    0x7843d
 .debug_str     0x00000000     0x394a ./source/App.o
                               0x3ab3 (size before relaxing)
 .debug_str     0x0000394a    0x6d4a8 ./source/SysTick.o
                              0x70dc9 (size before relaxing)
 .debug_str     0x00070df2     0x6d6e ./SDK/startup/hardware.o
                              0x77215 (size before relaxing)
 .debug_str     0x00077b60       0x1b ./SDK/startup/main.o
                              0x76fe9 (size before relaxing)
 .debug_str     0x00077b7b       0x36 ./SDK/startup/semihost_hardfault.o
                               0x2d4f (size before relaxing)
 .debug_str     0x00077bb1      0x82a ./SDK/startup/startup_mk64f12.o
                               0x35bd (size before relaxing)
 .debug_str     0x000783db       0x62 ./SDK/CMSIS/system_MK64F12.o
                              0x77124 (size before relaxing)

.comment        0x00000000       0x7e
 .comment       0x00000000       0x7e ./source/App.o
                                 0x7f (size before relaxing)
 .comment       0x0000007e       0x7f ./source/SysTick.o
 .comment       0x0000007e       0x7f ./SDK/startup/hardware.o
 .comment       0x0000007e       0x7f ./SDK/startup/main.o
 .comment       0x0000007e       0x7f ./SDK/startup/semihost_hardfault.o
 .comment       0x0000007e       0x7f ./SDK/startup/startup_mk64f12.o
 .comment       0x0000007e       0x7f ./SDK/CMSIS/system_MK64F12.o

.ARM.attributes
                0x00000000       0x39
 .ARM.attributes
                0x00000000       0x39 ./source/App.o
 .ARM.attributes
                0x00000039       0x39 ./source/SysTick.o
 .ARM.attributes
                0x00000072       0x39 ./SDK/startup/hardware.o
 .ARM.attributes
                0x000000ab       0x39 ./SDK/startup/main.o
 .ARM.attributes
                0x000000e4       0x39 ./SDK/startup/semihost_hardfault.o
 .ARM.attributes
                0x0000011d       0x39 ./SDK/startup/startup_mk64f12.o
 .ARM.attributes
                0x00000156       0x39 ./SDK/CMSIS/system_MK64F12.o

.debug_frame    0x00000000      0xb50
 .debug_frame   0x00000000       0xa4 ./source/App.o
 .debug_frame   0x000000a4       0x78 ./source/SysTick.o
 .debug_frame   0x0000011c       0x70 ./SDK/startup/hardware.o
 .debug_frame   0x0000018c       0x2c ./SDK/startup/main.o
 .debug_frame   0x000001b8       0x20 ./SDK/startup/semihost_hardfault.o
 .debug_frame   0x000001d8      0x904 ./SDK/startup/startup_mk64f12.o
 .debug_frame   0x00000adc       0x74 ./SDK/CMSIS/system_MK64F12.o
