
Discarded input sections

 .group         0x00000000        0xc ./source/App.o
 .group         0x00000000        0xc ./source/App.o
 .group         0x00000000        0xc ./source/App.o
 .group         0x00000000        0xc ./source/App.o
 .group         0x00000000        0xc ./source/App.o
 .group         0x00000000        0xc ./source/App.o
 .text          0x00000000        0x0 ./source/App.o
 .data          0x00000000        0x0 ./source/App.o
 .bss           0x00000000        0x0 ./source/App.o
 .group         0x00000000        0xc ./source/SysTick.o
 .group         0x00000000        0xc ./source/SysTick.o
 .group         0x00000000        0xc ./source/SysTick.o
 .group         0x00000000        0xc ./source/SysTick.o
 .group         0x00000000        0xc ./source/SysTick.o
 .group         0x00000000        0xc ./source/SysTick.o
 .group         0x00000000        0xc ./source/SysTick.o
 .group         0x00000000        0xc ./source/SysTick.o
 .group         0x00000000        0xc ./source/SysTick.o
 .group         0x00000000        0xc ./source/SysTick.o
 .group         0x00000000        0xc ./source/SysTick.o
 .text          0x00000000        0x0 ./source/SysTick.o
 .data          0x00000000        0x0 ./source/SysTick.o
 .bss           0x00000000        0x0 ./source/SysTick.o
 .debug_macro   0x00000000      0xa5a ./source/SysTick.o
 .debug_macro   0x00000000       0x22 ./source/SysTick.o
 .debug_macro   0x00000000      0x34e ./source/SysTick.o
 .group         0x00000000        0xc ./source/interrupts.o
 .group         0x00000000        0xc ./source/interrupts.o
 .group         0x00000000        0xc ./source/interrupts.o
 .group         0x00000000        0xc ./source/interrupts.o
 .group         0x00000000        0xc ./source/interrupts.o
 .group         0x00000000        0xc ./source/interrupts.o
 .group         0x00000000        0xc ./source/interrupts.o
 .group         0x00000000        0xc ./source/interrupts.o
 .group         0x00000000        0xc ./source/interrupts.o
 .group         0x00000000        0xc ./source/interrupts.o
 .group         0x00000000        0xc ./source/interrupts.o
 .text          0x00000000        0x0 ./source/interrupts.o
 .data          0x00000000        0x0 ./source/interrupts.o
 .bss           0x00000000        0x0 ./source/interrupts.o
 .text.gpioWrite
                0x00000000       0x80 ./source/interrupts.o
 .text.gpioToggle
                0x00000000       0x60 ./source/interrupts.o
 .text.gpioRead
                0x00000000       0x64 ./source/interrupts.o
 .text.gpioIRQ  0x00000000      0x134 ./source/interrupts.o
 .text.enable_interrupt_pins
                0x00000000       0x6c ./source/interrupts.o
 .text.disable_interrupt_pins
                0x00000000       0x84 ./source/interrupts.o
 .debug_macro   0x00000000      0xa5a ./source/interrupts.o
 .debug_macro   0x00000000       0x5c ./source/interrupts.o
 .debug_macro   0x00000000      0x34e ./source/interrupts.o
 .debug_macro   0x00000000       0x1c ./source/interrupts.o
 .debug_macro   0x00000000       0x22 ./source/interrupts.o
 .debug_macro   0x00000000       0xdf ./source/interrupts.o
 .debug_macro   0x00000000      0xecf ./source/interrupts.o
 .debug_macro   0x00000000       0x48 ./source/interrupts.o
 .debug_macro   0x00000000     0xe07b ./source/interrupts.o
 .debug_macro   0x00000000       0x22 ./source/interrupts.o
 .debug_macro   0x00000000       0x3a ./source/interrupts.o
 .group         0x00000000        0xc ./SDK/startup/hardware.o
 .group         0x00000000        0xc ./SDK/startup/hardware.o
 .group         0x00000000        0xc ./SDK/startup/hardware.o
 .group         0x00000000        0xc ./SDK/startup/hardware.o
 .group         0x00000000        0xc ./SDK/startup/hardware.o
 .group         0x00000000        0xc ./SDK/startup/hardware.o
 .group         0x00000000        0xc ./SDK/startup/hardware.o
 .group         0x00000000        0xc ./SDK/startup/hardware.o
 .group         0x00000000        0xc ./SDK/startup/hardware.o
 .group         0x00000000        0xc ./SDK/startup/hardware.o
 .group         0x00000000        0xc ./SDK/startup/hardware.o
 .group         0x00000000        0xc ./SDK/startup/hardware.o
 .group         0x00000000        0xc ./SDK/startup/hardware.o
 .text          0x00000000        0x0 ./SDK/startup/hardware.o
 .data          0x00000000        0x0 ./SDK/startup/hardware.o
 .bss           0x00000000        0x0 ./SDK/startup/hardware.o
 .debug_macro   0x00000000      0xa5a ./SDK/startup/hardware.o
 .debug_macro   0x00000000      0x34e ./SDK/startup/hardware.o
 .debug_macro   0x00000000       0x22 ./SDK/startup/hardware.o
 .debug_macro   0x00000000       0x5c ./SDK/startup/hardware.o
 .debug_macro   0x00000000       0x1c ./SDK/startup/hardware.o
 .debug_macro   0x00000000       0x22 ./SDK/startup/hardware.o
 .debug_macro   0x00000000       0xdf ./SDK/startup/hardware.o
 .debug_macro   0x00000000      0xecf ./SDK/startup/hardware.o
 .debug_macro   0x00000000       0x48 ./SDK/startup/hardware.o
 .debug_macro   0x00000000     0xe07b ./SDK/startup/hardware.o
 .group         0x00000000        0xc ./SDK/startup/main.o
 .group         0x00000000        0xc ./SDK/startup/main.o
 .group         0x00000000        0xc ./SDK/startup/main.o
 .group         0x00000000        0xc ./SDK/startup/main.o
 .group         0x00000000        0xc ./SDK/startup/main.o
 .group         0x00000000        0xc ./SDK/startup/main.o
 .group         0x00000000        0xc ./SDK/startup/main.o
 .group         0x00000000        0xc ./SDK/startup/main.o
 .group         0x00000000        0xc ./SDK/startup/main.o
 .group         0x00000000        0xc ./SDK/startup/main.o
 .group         0x00000000        0xc ./SDK/startup/main.o
 .group         0x00000000        0xc ./SDK/startup/main.o
 .group         0x00000000        0xc ./SDK/startup/main.o
 .text          0x00000000        0x0 ./SDK/startup/main.o
 .data          0x00000000        0x0 ./SDK/startup/main.o
 .bss           0x00000000        0x0 ./SDK/startup/main.o
 .debug_macro   0x00000000      0xa5a ./SDK/startup/main.o
 .debug_macro   0x00000000      0x34e ./SDK/startup/main.o
 .debug_macro   0x00000000       0x22 ./SDK/startup/main.o
 .debug_macro   0x00000000       0x10 ./SDK/startup/main.o
 .debug_macro   0x00000000       0x5c ./SDK/startup/main.o
 .debug_macro   0x00000000       0x1c ./SDK/startup/main.o
 .debug_macro   0x00000000       0x22 ./SDK/startup/main.o
 .debug_macro   0x00000000       0xdf ./SDK/startup/main.o
 .debug_macro   0x00000000      0xecf ./SDK/startup/main.o
 .debug_macro   0x00000000       0x48 ./SDK/startup/main.o
 .debug_macro   0x00000000     0xe07b ./SDK/startup/main.o
 .debug_macro   0x00000000     0x122b ./SDK/startup/main.o
 .debug_macro   0x00000000       0x16 ./SDK/startup/main.o
 .group         0x00000000        0xc ./SDK/startup/semihost_hardfault.o
 .text          0x00000000        0x0 ./SDK/startup/semihost_hardfault.o
 .data          0x00000000        0x0 ./SDK/startup/semihost_hardfault.o
 .bss           0x00000000        0x0 ./SDK/startup/semihost_hardfault.o
 .debug_macro   0x00000000      0xa5a ./SDK/startup/semihost_hardfault.o
 .group         0x00000000        0xc ./SDK/startup/startup_mk64f12.o
 .text          0x00000000        0x0 ./SDK/startup/startup_mk64f12.o
 .data          0x00000000        0x0 ./SDK/startup/startup_mk64f12.o
 .bss           0x00000000        0x0 ./SDK/startup/startup_mk64f12.o
 .text.PORTA_IRQHandler
                0x00000000        0x8 ./SDK/startup/startup_mk64f12.o
 .text.PORTB_IRQHandler
                0x00000000        0x8 ./SDK/startup/startup_mk64f12.o
 .text.PORTC_IRQHandler
                0x00000000        0x8 ./SDK/startup/startup_mk64f12.o
 .text.PORTD_IRQHandler
                0x00000000        0x8 ./SDK/startup/startup_mk64f12.o
 .text.PORTE_IRQHandler
                0x00000000        0x8 ./SDK/startup/startup_mk64f12.o
 .debug_macro   0x00000000      0xa5a ./SDK/startup/startup_mk64f12.o
 .group         0x00000000        0xc ./SDK/CMSIS/system_MK64F12.o
 .group         0x00000000        0xc ./SDK/CMSIS/system_MK64F12.o
 .group         0x00000000        0xc ./SDK/CMSIS/system_MK64F12.o
 .group         0x00000000        0xc ./SDK/CMSIS/system_MK64F12.o
 .group         0x00000000        0xc ./SDK/CMSIS/system_MK64F12.o
 .group         0x00000000        0xc ./SDK/CMSIS/system_MK64F12.o
 .group         0x00000000        0xc ./SDK/CMSIS/system_MK64F12.o
 .group         0x00000000        0xc ./SDK/CMSIS/system_MK64F12.o
 .group         0x00000000        0xc ./SDK/CMSIS/system_MK64F12.o
 .group         0x00000000        0xc ./SDK/CMSIS/system_MK64F12.o
 .group         0x00000000        0xc ./SDK/CMSIS/system_MK64F12.o
 .text          0x00000000        0x0 ./SDK/CMSIS/system_MK64F12.o
 .data          0x00000000        0x0 ./SDK/CMSIS/system_MK64F12.o
 .bss           0x00000000        0x0 ./SDK/CMSIS/system_MK64F12.o
 .data.SystemCoreClock
                0x00000000        0x4 ./SDK/CMSIS/system_MK64F12.o
 .text.SystemCoreClockUpdate
                0x00000000      0x278 ./SDK/CMSIS/system_MK64F12.o
 .debug_macro   0x00000000      0xa5a ./SDK/CMSIS/system_MK64F12.o
 .debug_macro   0x00000000      0x34e ./SDK/CMSIS/system_MK64F12.o
 .debug_macro   0x00000000       0x10 ./SDK/CMSIS/system_MK64F12.o
 .debug_macro   0x00000000       0x5c ./SDK/CMSIS/system_MK64F12.o
 .debug_macro   0x00000000       0x1c ./SDK/CMSIS/system_MK64F12.o
 .debug_macro   0x00000000       0x22 ./SDK/CMSIS/system_MK64F12.o
 .debug_macro   0x00000000       0xdf ./SDK/CMSIS/system_MK64F12.o
 .debug_macro   0x00000000      0xecf ./SDK/CMSIS/system_MK64F12.o
 .debug_macro   0x00000000       0x48 ./SDK/CMSIS/system_MK64F12.o
 .debug_macro   0x00000000     0xe07b ./SDK/CMSIS/system_MK64F12.o
 .debug_macro   0x00000000     0x122b ./SDK/CMSIS/system_MK64F12.o

Memory Configuration

Name             Origin             Length             Attributes
PROGRAM_FLASH    0x00000000         0x00100000         xr
SRAM_UPPER       0x20000000         0x00030000         xrw
SRAM_LOWER       0x1fff0000         0x00010000         xrw
FLEX_RAM         0x14000000         0x00001000         xrw
*default*        0x00000000         0xffffffff

Linker script and memory map

LOAD ./source/App.o
LOAD ./source/SysTick.o
LOAD ./source/interrupts.o
LOAD ./SDK/startup/hardware.o
LOAD ./SDK/startup/main.o
LOAD ./SDK/startup/semihost_hardfault.o
LOAD ./SDK/startup/startup_mk64f12.o
LOAD ./SDK/CMSIS/system_MK64F12.o
START GROUP
LOAD c:/nxp/mcuxpressoide_10.2.0_759/ide/tools/bin/../lib/gcc/arm-none-eabi/7.2.1/../../../../arm-none-eabi/lib/thumb/v7e-m/fpv4-sp/hard\libcr_c.a
LOAD c:/nxp/mcuxpressoide_10.2.0_759/ide/tools/bin/../lib/gcc/arm-none-eabi/7.2.1/thumb/v7e-m/fpv4-sp/hard\libcr_eabihelpers.a
END GROUP
                0x00000000                __base_PROGRAM_FLASH = 0x0
                0x00000000                __base_Flash = 0x0
                0x00100000                __top_PROGRAM_FLASH = 0x100000
                0x00100000                __top_Flash = 0x100000
                0x20000000                __base_SRAM_UPPER = 0x20000000
                0x20000000                __base_RAM = 0x20000000
                0x20030000                __top_SRAM_UPPER = 0x20030000
                0x20030000                __top_RAM = 0x20030000
                0x1fff0000                __base_SRAM_LOWER = 0x1fff0000
                0x1fff0000                __base_RAM2 = 0x1fff0000
                0x20000000                __top_SRAM_LOWER = 0x20000000
                0x20000000                __top_RAM2 = 0x20000000
                0x14000000                __base_FLEX_RAM = 0x14000000
                0x14000000                __base_RAM3 = 0x14000000
                0x14001000                __top_FLEX_RAM = 0x14001000
                0x14001000                __top_RAM3 = 0x14001000

.text           0x00000000      0xf48
 FILL mask 0xff
                0x00000000                __vectors_start__ = ABSOLUTE (.)
 *(SORT_BY_ALIGNMENT(.isr_vector))
 .isr_vector    0x00000000      0x198 ./SDK/startup/startup_mk64f12.o
                0x00000000                g_pfnVectors
                0x00000000                __Vectors
                0x00000198                . = ALIGN (0x4)
                0x00000198                __section_table_start = .
                0x00000198                __data_section_table = .
                0x00000198        0x4 LONG 0xf48 LOADADDR (.data)
                0x0000019c        0x4 LONG 0x20000000 ADDR (.data)
                0x000001a0        0x4 LONG 0x0 SIZEOF (.data)
                0x000001a4        0x4 LONG 0xf48 LOADADDR (.data_RAM2)
                0x000001a8        0x4 LONG 0x1fff0000 ADDR (.data_RAM2)
                0x000001ac        0x4 LONG 0x0 SIZEOF (.data_RAM2)
                0x000001b0        0x4 LONG 0xf48 LOADADDR (.data_RAM3)
                0x000001b4        0x4 LONG 0x14000000 ADDR (.data_RAM3)
                0x000001b8        0x4 LONG 0x0 SIZEOF (.data_RAM3)
                0x000001bc                __data_section_table_end = .
                0x000001bc                __bss_section_table = .
                0x000001bc        0x4 LONG 0x20000000 ADDR (.bss)
                0x000001c0        0x4 LONG 0x508 SIZEOF (.bss)
                0x000001c4        0x4 LONG 0x1fff0000 ADDR (.bss_RAM2)
                0x000001c8        0x4 LONG 0x0 SIZEOF (.bss_RAM2)
                0x000001cc        0x4 LONG 0x14000000 ADDR (.bss_RAM3)
                0x000001d0        0x4 LONG 0x0 SIZEOF (.bss_RAM3)
                0x000001d4                __bss_section_table_end = .
                0x000001d4                __section_table_end = .
 *(SORT_BY_ALIGNMENT(.after_vectors*))
 .after_vectors.reset
                0x000001d4       0x4c ./SDK/startup/startup_mk64f12.o
                0x000001d4                ResetISR
 .after_vectors.init_data
                0x00000220       0x1e ./SDK/startup/startup_mk64f12.o
                0x00000220                data_init
 .after_vectors.init_bss
                0x0000023e       0x12 ./SDK/startup/startup_mk64f12.o
                0x0000023e                bss_init
 .after_vectors
                0x00000250       0x14 ./SDK/startup/startup_mk64f12.o
                0x00000250                NMI_Handler
                0x00000254                MemManage_Handler
                0x00000256                BusFault_Handler
                0x00000258                UsageFault_Handler
                0x0000025a                SVC_Handler
                0x0000025c                DebugMon_Handler
                0x0000025e                PendSV_Handler
                0x00000262                DMA_Error_DriverIRQHandler
                0x00000262                LPTMR0_DriverIRQHandler
                0x00000262                FTM1_DriverIRQHandler
                0x00000262                FTM2_DriverIRQHandler
                0x00000262                PIT2_DriverIRQHandler
                0x00000262                SDHC_DriverIRQHandler
                0x00000262                I2S0_Tx_DriverIRQHandler
                0x00000262                RTC_Seconds_DriverIRQHandler
                0x00000262                DMA6_DriverIRQHandler
                0x00000262                LLWU_DriverIRQHandler
                0x00000262                MCM_DriverIRQHandler
                0x00000262                MCG_DriverIRQHandler
                0x00000262                ENET_1588_Timer_DriverIRQHandler
                0x00000262                I2C2_DriverIRQHandler
                0x00000262                DAC1_DriverIRQHandler
                0x00000262                SPI1_DriverIRQHandler
                0x00000262                CMP1_DriverIRQHandler
                0x00000262                UART5_RX_TX_DriverIRQHandler
                0x00000262                FTM0_DriverIRQHandler
                0x00000262                IntDefaultHandler
                0x00000262                USB0_DriverIRQHandler
                0x00000262                UART5_ERR_DriverIRQHandler
                0x00000262                PORTC_DriverIRQHandler
                0x00000262                DMA11_DriverIRQHandler
                0x00000262                DAC0_DriverIRQHandler
                0x00000262                DMA10_DriverIRQHandler
                0x00000262                CMP2_DriverIRQHandler
                0x00000262                UART2_ERR_DriverIRQHandler
                0x00000262                SPI2_DriverIRQHandler
                0x00000262                LVD_LVW_DriverIRQHandler
                0x00000262                PIT0_DriverIRQHandler
                0x00000262                RNG_DriverIRQHandler
                0x00000262                DMA5_DriverIRQHandler
                0x00000262                DMA12_DriverIRQHandler
                0x00000262                UART2_RX_TX_DriverIRQHandler
                0x00000262                USBDCD_DriverIRQHandler
                0x00000262                UART3_ERR_DriverIRQHandler
                0x00000262                DMA3_DriverIRQHandler
                0x00000262                DMA8_DriverIRQHandler
                0x00000262                DMA9_DriverIRQHandler
                0x00000262                UART0_ERR_DriverIRQHandler
                0x00000262                CMT_DriverIRQHandler
                0x00000262                Reserved71_DriverIRQHandler
                0x00000262                ADC1_DriverIRQHandler
                0x00000262                PORTA_DriverIRQHandler
                0x00000262                DMA14_DriverIRQHandler
                0x00000262                PIT3_DriverIRQHandler
                0x00000262                PIT1_DriverIRQHandler
                0x00000262                WDOG_EWM_DriverIRQHandler
                0x00000262                PDB0_DriverIRQHandler
                0x00000262                RTC_DriverIRQHandler
                0x00000262                I2S0_Rx_DriverIRQHandler
                0x00000262                Read_Collision_DriverIRQHandler
                0x00000262                SWI_DriverIRQHandler
                0x00000262                UART4_RX_TX_DriverIRQHandler
                0x00000262                UART4_ERR_DriverIRQHandler
                0x00000262                PORTB_DriverIRQHandler
                0x00000262                UART0_LON_DriverIRQHandler
                0x00000262                DMA0_DriverIRQHandler
                0x00000262                DMA1_DriverIRQHandler
                0x00000262                I2C1_DriverIRQHandler
                0x00000262                UART3_RX_TX_DriverIRQHandler
                0x00000262                ENET_Receive_DriverIRQHandler
                0x00000262                DMA13_DriverIRQHandler
                0x00000262                ENET_Error_DriverIRQHandler
                0x00000262                DMA15_DriverIRQHandler
                0x00000262                UART0_RX_TX_DriverIRQHandler
                0x00000262                SPI0_DriverIRQHandler
                0x00000262                ADC0_DriverIRQHandler
                0x00000262                CMP0_DriverIRQHandler
                0x00000262                CAN0_DriverIRQHandler
                0x00000262                FTM3_DriverIRQHandler
                0x00000262                DMA4_DriverIRQHandler
                0x00000262                UART1_ERR_DriverIRQHandler
                0x00000262                DMA2_DriverIRQHandler
                0x00000262                ENET_Transmit_DriverIRQHandler
                0x00000262                PORTD_DriverIRQHandler
                0x00000262                PORTE_DriverIRQHandler
                0x00000262                FTFE_DriverIRQHandler
                0x00000262                I2C0_DriverIRQHandler
                0x00000262                DMA7_DriverIRQHandler
                0x00000262                UART1_RX_TX_DriverIRQHandler
                0x00000400                . = 0x400
 *fill*         0x00000264      0x19c ff
                0x00000400                PROVIDE (__FLASH_CONFIG_START__, .)
 *(SORT_BY_ALIGNMENT(.FlashConfig))
 .FlashConfig   0x00000400       0x10 ./SDK/startup/startup_mk64f12.o
                0x00000400                Flash_Config
                0x00000410                PROVIDE (__FLASH_CONFIG_END__, .)
                0x00000001                ASSERT (! ((__FLASH_CONFIG_START__ == __FLASH_CONFIG_END__)), Linker Flash Config Support Enabled, but no .FlashConfig section provided within application)
 *(SORT_BY_ALIGNMENT(.text*))
 .text.App_Init
                0x00000410       0x28 ./source/App.o
                0x00000410                App_Init
 .text.__NVIC_EnableIRQ
                0x00000438       0x3c ./source/SysTick.o
 .text.SysTick_Init
                0x00000474       0x50 ./source/SysTick.o
                0x00000474                SysTick_Init
 .text.SysTick_Handler
                0x000004c4       0x14 ./source/SysTick.o
                0x000004c4                SysTick_Handler
 .text.__NVIC_EnableIRQ
                0x000004d8       0x3c ./source/interrupts.o
 .text.interrupts_init
                0x00000514       0x68 ./source/interrupts.o
                0x00000514                interrupts_init
 .text.gpioMode
                0x0000057c       0x84 ./source/interrupts.o
                0x0000057c                gpioMode
 .text.initial_conf_pcr
                0x00000600       0x8c ./source/interrupts.o
 .text.initial_conf_gpio
                0x0000068c       0x9c ./source/interrupts.o
 .text.set_input_mode
                0x00000728       0x84 ./source/interrupts.o
 .text.set_output_mode
                0x000007ac       0x4c ./source/interrupts.o
 .text.set_input_pulldown_mode
                0x000007f8       0x54 ./source/interrupts.o
 .text.set_input_pullup_mode
                0x0000084c       0x54 ./source/interrupts.o
 .text.get_interrupt_pin
                0x000008a0       0x94 ./source/interrupts.o
                0x000008a0                get_interrupt_pin
 .text.PORTA_IRQHandler
                0x00000934       0x34 ./source/interrupts.o
                0x00000934                PORTA_IRQHandler
 .text.PORTB_IRQHandler
                0x00000968       0x38 ./source/interrupts.o
                0x00000968                PORTB_IRQHandler
 .text.PORTC_IRQHandler
                0x000009a0       0x38 ./source/interrupts.o
                0x000009a0                PORTC_IRQHandler
 .text.PORTD_IRQHandler
                0x000009d8       0x38 ./source/interrupts.o
                0x000009d8                PORTD_IRQHandler
 .text.PORTE_IRQHandler
                0x00000a10       0x38 ./source/interrupts.o
                0x00000a10                PORTE_IRQHandler
 .text.PORT_ClearInterruptFlag
                0x00000a48       0x4c ./source/interrupts.o
                0x00000a48                PORT_ClearInterruptFlag
 .text.hw_Init  0x00000a94      0x10c ./SDK/startup/hardware.o
                0x00000a94                hw_Init
 .text.hw_EnableInterrupts
                0x00000ba0       0x30 ./SDK/startup/hardware.o
                0x00000ba0                hw_EnableInterrupts
 .text.hw_DisableInterrupts
                0x00000bd0       0x20 ./SDK/startup/hardware.o
                0x00000bd0                hw_DisableInterrupts
 .text.SystemInit
                0x00000bf0       0x3c ./SDK/CMSIS/system_MK64F12.o
                0x00000bf0                SystemInit
 .text.App_Run  0x00000c2c        0x6 ./source/App.o
                0x00000c2c                App_Run
 .text.systick_callback
                0x00000c32        0xe ./source/App.o
                0x00000c32                systick_callback
 .text.main     0x00000c40       0x1a ./SDK/startup/main.o
                0x00000c40                main
 .text.HardFault_Handler
                0x00000c5a       0x2c ./SDK/startup/semihost_hardfault.o
                0x00000c5a                HardFault_Handler
 .text.DMA0_IRQHandler
                0x00000c86        0x8 ./SDK/startup/startup_mk64f12.o
                0x00000c86                DMA0_IRQHandler
 .text.DMA1_IRQHandler
                0x00000c8e        0x8 ./SDK/startup/startup_mk64f12.o
                0x00000c8e                DMA1_IRQHandler
 .text.DMA2_IRQHandler
                0x00000c96        0x8 ./SDK/startup/startup_mk64f12.o
                0x00000c96                DMA2_IRQHandler
 .text.DMA3_IRQHandler
                0x00000c9e        0x8 ./SDK/startup/startup_mk64f12.o
                0x00000c9e                DMA3_IRQHandler
 .text.DMA4_IRQHandler
                0x00000ca6        0x8 ./SDK/startup/startup_mk64f12.o
                0x00000ca6                DMA4_IRQHandler
 .text.DMA5_IRQHandler
                0x00000cae        0x8 ./SDK/startup/startup_mk64f12.o
                0x00000cae                DMA5_IRQHandler
 .text.DMA6_IRQHandler
                0x00000cb6        0x8 ./SDK/startup/startup_mk64f12.o
                0x00000cb6                DMA6_IRQHandler
 .text.DMA7_IRQHandler
                0x00000cbe        0x8 ./SDK/startup/startup_mk64f12.o
                0x00000cbe                DMA7_IRQHandler
 .text.DMA8_IRQHandler
                0x00000cc6        0x8 ./SDK/startup/startup_mk64f12.o
                0x00000cc6                DMA8_IRQHandler
 .text.DMA9_IRQHandler
                0x00000cce        0x8 ./SDK/startup/startup_mk64f12.o
                0x00000cce                DMA9_IRQHandler
 .text.DMA10_IRQHandler
                0x00000cd6        0x8 ./SDK/startup/startup_mk64f12.o
                0x00000cd6                DMA10_IRQHandler
 .text.DMA11_IRQHandler
                0x00000cde        0x8 ./SDK/startup/startup_mk64f12.o
                0x00000cde                DMA11_IRQHandler
 .text.DMA12_IRQHandler
                0x00000ce6        0x8 ./SDK/startup/startup_mk64f12.o
                0x00000ce6                DMA12_IRQHandler
 .text.DMA13_IRQHandler
                0x00000cee        0x8 ./SDK/startup/startup_mk64f12.o
                0x00000cee                DMA13_IRQHandler
 .text.DMA14_IRQHandler
                0x00000cf6        0x8 ./SDK/startup/startup_mk64f12.o
                0x00000cf6                DMA14_IRQHandler
 .text.DMA15_IRQHandler
                0x00000cfe        0x8 ./SDK/startup/startup_mk64f12.o
                0x00000cfe                DMA15_IRQHandler
 .text.DMA_Error_IRQHandler
                0x00000d06        0x8 ./SDK/startup/startup_mk64f12.o
                0x00000d06                DMA_Error_IRQHandler
 .text.MCM_IRQHandler
                0x00000d0e        0x8 ./SDK/startup/startup_mk64f12.o
                0x00000d0e                MCM_IRQHandler
 .text.FTFE_IRQHandler
                0x00000d16        0x8 ./SDK/startup/startup_mk64f12.o
                0x00000d16                FTFE_IRQHandler
 .text.Read_Collision_IRQHandler
                0x00000d1e        0x8 ./SDK/startup/startup_mk64f12.o
                0x00000d1e                Read_Collision_IRQHandler
 .text.LVD_LVW_IRQHandler
                0x00000d26        0x8 ./SDK/startup/startup_mk64f12.o
                0x00000d26                LVD_LVW_IRQHandler
 .text.LLWU_IRQHandler
                0x00000d2e        0x8 ./SDK/startup/startup_mk64f12.o
                0x00000d2e                LLWU_IRQHandler
 .text.WDOG_EWM_IRQHandler
                0x00000d36        0x8 ./SDK/startup/startup_mk64f12.o
                0x00000d36                WDOG_EWM_IRQHandler
 .text.RNG_IRQHandler
                0x00000d3e        0x8 ./SDK/startup/startup_mk64f12.o
                0x00000d3e                RNG_IRQHandler
 .text.I2C0_IRQHandler
                0x00000d46        0x8 ./SDK/startup/startup_mk64f12.o
                0x00000d46                I2C0_IRQHandler
 .text.I2C1_IRQHandler
                0x00000d4e        0x8 ./SDK/startup/startup_mk64f12.o
                0x00000d4e                I2C1_IRQHandler
 .text.SPI0_IRQHandler
                0x00000d56        0x8 ./SDK/startup/startup_mk64f12.o
                0x00000d56                SPI0_IRQHandler
 .text.SPI1_IRQHandler
                0x00000d5e        0x8 ./SDK/startup/startup_mk64f12.o
                0x00000d5e                SPI1_IRQHandler
 .text.I2S0_Tx_IRQHandler
                0x00000d66        0x8 ./SDK/startup/startup_mk64f12.o
                0x00000d66                I2S0_Tx_IRQHandler
 .text.I2S0_Rx_IRQHandler
                0x00000d6e        0x8 ./SDK/startup/startup_mk64f12.o
                0x00000d6e                I2S0_Rx_IRQHandler
 .text.UART0_LON_IRQHandler
                0x00000d76        0x8 ./SDK/startup/startup_mk64f12.o
                0x00000d76                UART0_LON_IRQHandler
 .text.UART0_RX_TX_IRQHandler
                0x00000d7e        0x8 ./SDK/startup/startup_mk64f12.o
                0x00000d7e                UART0_RX_TX_IRQHandler
 .text.UART0_ERR_IRQHandler
                0x00000d86        0x8 ./SDK/startup/startup_mk64f12.o
                0x00000d86                UART0_ERR_IRQHandler
 .text.UART1_RX_TX_IRQHandler
                0x00000d8e        0x8 ./SDK/startup/startup_mk64f12.o
                0x00000d8e                UART1_RX_TX_IRQHandler
 .text.UART1_ERR_IRQHandler
                0x00000d96        0x8 ./SDK/startup/startup_mk64f12.o
                0x00000d96                UART1_ERR_IRQHandler
 .text.UART2_RX_TX_IRQHandler
                0x00000d9e        0x8 ./SDK/startup/startup_mk64f12.o
                0x00000d9e                UART2_RX_TX_IRQHandler
 .text.UART2_ERR_IRQHandler
                0x00000da6        0x8 ./SDK/startup/startup_mk64f12.o
                0x00000da6                UART2_ERR_IRQHandler
 .text.UART3_RX_TX_IRQHandler
                0x00000dae        0x8 ./SDK/startup/startup_mk64f12.o
                0x00000dae                UART3_RX_TX_IRQHandler
 .text.UART3_ERR_IRQHandler
                0x00000db6        0x8 ./SDK/startup/startup_mk64f12.o
                0x00000db6                UART3_ERR_IRQHandler
 .text.ADC0_IRQHandler
                0x00000dbe        0x8 ./SDK/startup/startup_mk64f12.o
                0x00000dbe                ADC0_IRQHandler
 .text.CMP0_IRQHandler
                0x00000dc6        0x8 ./SDK/startup/startup_mk64f12.o
                0x00000dc6                CMP0_IRQHandler
 .text.CMP1_IRQHandler
                0x00000dce        0x8 ./SDK/startup/startup_mk64f12.o
                0x00000dce                CMP1_IRQHandler
 .text.FTM0_IRQHandler
                0x00000dd6        0x8 ./SDK/startup/startup_mk64f12.o
                0x00000dd6                FTM0_IRQHandler
 .text.FTM1_IRQHandler
                0x00000dde        0x8 ./SDK/startup/startup_mk64f12.o
                0x00000dde                FTM1_IRQHandler
 .text.FTM2_IRQHandler
                0x00000de6        0x8 ./SDK/startup/startup_mk64f12.o
                0x00000de6                FTM2_IRQHandler
 .text.CMT_IRQHandler
                0x00000dee        0x8 ./SDK/startup/startup_mk64f12.o
                0x00000dee                CMT_IRQHandler
 .text.RTC_IRQHandler
                0x00000df6        0x8 ./SDK/startup/startup_mk64f12.o
                0x00000df6                RTC_IRQHandler
 .text.RTC_Seconds_IRQHandler
                0x00000dfe        0x8 ./SDK/startup/startup_mk64f12.o
                0x00000dfe                RTC_Seconds_IRQHandler
 .text.PIT0_IRQHandler
                0x00000e06        0x8 ./SDK/startup/startup_mk64f12.o
                0x00000e06                PIT0_IRQHandler
 .text.PIT1_IRQHandler
                0x00000e0e        0x8 ./SDK/startup/startup_mk64f12.o
                0x00000e0e                PIT1_IRQHandler
 .text.PIT2_IRQHandler
                0x00000e16        0x8 ./SDK/startup/startup_mk64f12.o
                0x00000e16                PIT2_IRQHandler
 .text.PIT3_IRQHandler
                0x00000e1e        0x8 ./SDK/startup/startup_mk64f12.o
                0x00000e1e                PIT3_IRQHandler
 .text.PDB0_IRQHandler
                0x00000e26        0x8 ./SDK/startup/startup_mk64f12.o
                0x00000e26                PDB0_IRQHandler
 .text.USB0_IRQHandler
                0x00000e2e        0x8 ./SDK/startup/startup_mk64f12.o
                0x00000e2e                USB0_IRQHandler
 .text.USBDCD_IRQHandler
                0x00000e36        0x8 ./SDK/startup/startup_mk64f12.o
                0x00000e36                USBDCD_IRQHandler
 .text.Reserved71_IRQHandler
                0x00000e3e        0x8 ./SDK/startup/startup_mk64f12.o
                0x00000e3e                Reserved71_IRQHandler
 .text.DAC0_IRQHandler
                0x00000e46        0x8 ./SDK/startup/startup_mk64f12.o
                0x00000e46                DAC0_IRQHandler
 .text.MCG_IRQHandler
                0x00000e4e        0x8 ./SDK/startup/startup_mk64f12.o
                0x00000e4e                MCG_IRQHandler
 .text.LPTMR0_IRQHandler
                0x00000e56        0x8 ./SDK/startup/startup_mk64f12.o
                0x00000e56                LPTMR0_IRQHandler
 .text.SWI_IRQHandler
                0x00000e5e        0x8 ./SDK/startup/startup_mk64f12.o
                0x00000e5e                SWI_IRQHandler
 .text.SPI2_IRQHandler
                0x00000e66        0x8 ./SDK/startup/startup_mk64f12.o
                0x00000e66                SPI2_IRQHandler
 .text.UART4_RX_TX_IRQHandler
                0x00000e6e        0x8 ./SDK/startup/startup_mk64f12.o
                0x00000e6e                UART4_RX_TX_IRQHandler
 .text.UART4_ERR_IRQHandler
                0x00000e76        0x8 ./SDK/startup/startup_mk64f12.o
                0x00000e76                UART4_ERR_IRQHandler
 .text.UART5_RX_TX_IRQHandler
                0x00000e7e        0x8 ./SDK/startup/startup_mk64f12.o
                0x00000e7e                UART5_RX_TX_IRQHandler
 .text.UART5_ERR_IRQHandler
                0x00000e86        0x8 ./SDK/startup/startup_mk64f12.o
                0x00000e86                UART5_ERR_IRQHandler
 .text.CMP2_IRQHandler
                0x00000e8e        0x8 ./SDK/startup/startup_mk64f12.o
                0x00000e8e                CMP2_IRQHandler
 .text.FTM3_IRQHandler
                0x00000e96        0x8 ./SDK/startup/startup_mk64f12.o
                0x00000e96                FTM3_IRQHandler
 .text.DAC1_IRQHandler
                0x00000e9e        0x8 ./SDK/startup/startup_mk64f12.o
                0x00000e9e                DAC1_IRQHandler
 .text.ADC1_IRQHandler
                0x00000ea6        0x8 ./SDK/startup/startup_mk64f12.o
                0x00000ea6                ADC1_IRQHandler
 .text.I2C2_IRQHandler
                0x00000eae        0x8 ./SDK/startup/startup_mk64f12.o
                0x00000eae                I2C2_IRQHandler
 .text.CAN0_ORed_Message_buffer_IRQHandler
                0x00000eb6        0x8 ./SDK/startup/startup_mk64f12.o
                0x00000eb6                CAN0_ORed_Message_buffer_IRQHandler
 .text.CAN0_Bus_Off_IRQHandler
                0x00000ebe        0x8 ./SDK/startup/startup_mk64f12.o
                0x00000ebe                CAN0_Bus_Off_IRQHandler
 .text.CAN0_Error_IRQHandler
                0x00000ec6        0x8 ./SDK/startup/startup_mk64f12.o
                0x00000ec6                CAN0_Error_IRQHandler
 .text.CAN0_Tx_Warning_IRQHandler
                0x00000ece        0x8 ./SDK/startup/startup_mk64f12.o
                0x00000ece                CAN0_Tx_Warning_IRQHandler
 .text.CAN0_Rx_Warning_IRQHandler
                0x00000ed6        0x8 ./SDK/startup/startup_mk64f12.o
                0x00000ed6                CAN0_Rx_Warning_IRQHandler
 .text.CAN0_Wake_Up_IRQHandler
                0x00000ede        0x8 ./SDK/startup/startup_mk64f12.o
                0x00000ede                CAN0_Wake_Up_IRQHandler
 .text.SDHC_IRQHandler
                0x00000ee6        0x8 ./SDK/startup/startup_mk64f12.o
                0x00000ee6                SDHC_IRQHandler
 .text.ENET_1588_Timer_IRQHandler
                0x00000eee        0x8 ./SDK/startup/startup_mk64f12.o
                0x00000eee                ENET_1588_Timer_IRQHandler
 .text.ENET_Transmit_IRQHandler
                0x00000ef6        0x8 ./SDK/startup/startup_mk64f12.o
                0x00000ef6                ENET_Transmit_IRQHandler
 .text.ENET_Receive_IRQHandler
                0x00000efe        0x8 ./SDK/startup/startup_mk64f12.o
                0x00000efe                ENET_Receive_IRQHandler
 .text.ENET_Error_IRQHandler
                0x00000f06        0x8 ./SDK/startup/startup_mk64f12.o
                0x00000f06                ENET_Error_IRQHandler
 .text.SystemInitHook
                0x00000f0e        0xe ./SDK/CMSIS/system_MK64F12.o
                0x00000f0e                SystemInitHook
 *(SORT_BY_ALIGNMENT(.rodata) SORT_BY_ALIGNMENT(.rodata.*) SORT_BY_ALIGNMENT(.constdata) SORT_BY_ALIGNMENT(.constdata.*))
 .rodata        0x00000f1c       0x28 ./source/interrupts.o
                0x00000f48                . = ALIGN (0x8)
 *fill*         0x00000f44        0x4 ff

.glue_7         0x00000f48        0x0
 .glue_7        0x00000f48        0x0 linker stubs

.glue_7t        0x00000f48        0x0
 .glue_7t       0x00000f48        0x0 linker stubs

.vfp11_veneer   0x00000f48        0x0
 .vfp11_veneer  0x00000f48        0x0 linker stubs

.v4_bx          0x00000f48        0x0
 .v4_bx         0x00000f48        0x0 linker stubs

.iplt           0x00000f48        0x0
 .iplt          0x00000f48        0x0 ./source/App.o

.rel.dyn        0x00000f48        0x0
 .rel.iplt      0x00000f48        0x0 ./source/App.o

.ARM.extab
 *(SORT_BY_ALIGNMENT(.ARM.extab*) SORT_BY_ALIGNMENT(.gnu.linkonce.armextab.*))
                0x00000f48                __exidx_start = .

.ARM.exidx
 *(SORT_BY_ALIGNMENT(.ARM.exidx*) SORT_BY_ALIGNMENT(.gnu.linkonce.armexidx.*))
                0x00000f48                __exidx_end = .
                0x00000f48                _etext = .

.m_usb_data
 *(SORT_BY_ALIGNMENT(m_usb_bdt))

.data_RAM2      0x1fff0000        0x0 load address 0x00000f48
 FILL mask 0xff
                [!provide]                PROVIDE (__start_data_RAM2, .)
 *(SORT_BY_ALIGNMENT(.ramfunc.$RAM2))
 *(SORT_BY_ALIGNMENT(.ramfunc.$SRAM_LOWER))
 *(SORT_BY_ALIGNMENT(.data.$RAM2*))
 *(SORT_BY_ALIGNMENT(.data.$SRAM_LOWER*))
                0x1fff0000                . = ALIGN (0x8)
                [!provide]                PROVIDE (__end_data_RAM2, .)

.data_RAM3      0x14000000        0x0 load address 0x00000f48
 FILL mask 0xff
                [!provide]                PROVIDE (__start_data_RAM3, .)
 *(SORT_BY_ALIGNMENT(.ramfunc.$RAM3))
 *(SORT_BY_ALIGNMENT(.ramfunc.$FLEX_RAM))
 *(SORT_BY_ALIGNMENT(.data.$RAM3*))
 *(SORT_BY_ALIGNMENT(.data.$FLEX_RAM*))
                0x14000000                . = ALIGN (0x8)
                [!provide]                PROVIDE (__end_data_RAM3, .)

.uninit_RESERVED
                0x20000000        0x0
 *(SORT_BY_ALIGNMENT(.bss.$RESERVED*))
                0x20000000                . = ALIGN (0x4)
                0x20000000                _end_uninit_RESERVED = .

.data           0x20000000        0x0 load address 0x00000f48
 FILL mask 0xff
                0x20000000                _data = .
 *(SORT_BY_ALIGNMENT(vtable))
 *(SORT_BY_ALIGNMENT(.ramfunc*))
 *(SORT_BY_ALIGNMENT(.data*))
                0x20000000                . = ALIGN (0x8)
                0x20000000                _edata = .

.igot.plt       0x20000000        0x0 load address 0x00000f48
 .igot.plt      0x20000000        0x0 ./source/App.o

.bss_RAM2       0x1fff0000        0x0
                [!provide]                PROVIDE (__start_bss_RAM2, .)
 *(SORT_BY_ALIGNMENT(.bss.$RAM2*))
 *(SORT_BY_ALIGNMENT(.bss.$SRAM_LOWER*))
                0x1fff0000                . = ALIGN ((. != 0x0)?0x8:0x1)
                [!provide]                PROVIDE (__end_bss_RAM2, .)

.bss_RAM3       0x14000000        0x0
                [!provide]                PROVIDE (__start_bss_RAM3, .)
 *(SORT_BY_ALIGNMENT(.bss.$RAM3*))
 *(SORT_BY_ALIGNMENT(.bss.$FLEX_RAM*))
                0x14000000                . = ALIGN ((. != 0x0)?0x8:0x1)
                [!provide]                PROVIDE (__end_bss_RAM3, .)

.bss            0x20000000      0x508
                0x20000000                _bss = .
 *(SORT_BY_ALIGNMENT(.bss*))
 .bss.callback  0x20000000        0x4 ./source/SysTick.o
                0x20000000                callback
 .bss.interrupt_matrix
                0x20000004      0x280 ./source/interrupts.o
                0x20000004                interrupt_matrix
 .bss.interrupt_pins
                0x20000284      0x280 ./source/interrupts.o
                0x20000284                interrupt_pins
 .bss.__LDM_interruptDisableCount
                0x20000504        0x4 ./SDK/startup/hardware.o
 *(SORT_BY_ALIGNMENT(COMMON))
                0x20000508                . = ALIGN (0x8)
                0x20000508                _ebss = .
                [!provide]                PROVIDE (end, .)

.noinit_RAM2    0x1fff0000        0x0
 *(SORT_BY_ALIGNMENT(.noinit.$RAM2*))
 *(SORT_BY_ALIGNMENT(.noinit.$SRAM_LOWER*))
                0x1fff0000                . = ALIGN (0x8)

.noinit_RAM3    0x14000000        0x0
 *(SORT_BY_ALIGNMENT(.noinit.$RAM3*))
 *(SORT_BY_ALIGNMENT(.noinit.$FLEX_RAM*))
                0x14000000                . = ALIGN (0x8)

.noinit         0x20000508        0x0
                0x20000508                _noinit = .
 *(SORT_BY_ALIGNMENT(.noinit*))
                0x20000508                . = ALIGN (0x8)
                0x20000508                _end_noinit = .
                0x00001000                _HeapSize = 0x1000

.heap           0x20000508     0x1000
                0x20000508                _pvHeapStart = .
                0x20001508                . = (. + _HeapSize)
 *fill*         0x20000508     0x1000 
                0x20001508                . = ALIGN (0x8)
                0x20001508                _pvHeapLimit = .
                0x00001000                _StackSize = 0x1000

.heap2stackfill
                0x20001508     0x1000
                0x20002508                . = (. + _StackSize)
 *fill*         0x20001508     0x1000 

.stack          0x2002f000        0x0
                0x2002f000                _vStackBase = .
                0x2002f000                . = ALIGN (0x8)
                0x20030000                _vStackTop = (. + _StackSize)
                0x00000000                _image_start = LOADADDR (.text)
                0x00000f48                _image_end = (LOADADDR (.data) + SIZEOF (.data))
                0x00000f48                _image_size = (_image_end - _image_start)
OUTPUT(TP1.axf elf32-littlearm)

.debug_info     0x00000000     0x2926
 .debug_info    0x00000000       0xca ./source/App.o
 .debug_info    0x000000ca      0x514 ./source/SysTick.o
 .debug_info    0x000005de      0xd35 ./source/interrupts.o
 .debug_info    0x00001313      0x675 ./SDK/startup/hardware.o
 .debug_info    0x00001988       0xb7 ./SDK/startup/main.o
 .debug_info    0x00001a3f       0x3b ./SDK/startup/semihost_hardfault.o
 .debug_info    0x00001a7a      0x8b0 ./SDK/startup/startup_mk64f12.o
 .debug_info    0x0000232a      0x5fc ./SDK/CMSIS/system_MK64F12.o

.debug_abbrev   0x00000000      0x9a4
 .debug_abbrev  0x00000000       0x77 ./source/App.o
 .debug_abbrev  0x00000077      0x196 ./source/SysTick.o
 .debug_abbrev  0x0000020d      0x318 ./source/interrupts.o
 .debug_abbrev  0x00000525      0x138 ./SDK/startup/hardware.o
 .debug_abbrev  0x0000065d       0x7d ./SDK/startup/main.o
 .debug_abbrev  0x000006da       0x2f ./SDK/startup/semihost_hardfault.o
 .debug_abbrev  0x00000709      0x15c ./SDK/startup/startup_mk64f12.o
 .debug_abbrev  0x00000865      0x13f ./SDK/CMSIS/system_MK64F12.o

.debug_aranges  0x00000000      0x4f8
 .debug_aranges
                0x00000000       0x30 ./source/App.o
 .debug_aranges
                0x00000030       0x30 ./source/SysTick.o
 .debug_aranges
                0x00000060       0xc8 ./source/interrupts.o
 .debug_aranges
                0x00000128       0x30 ./SDK/startup/hardware.o
 .debug_aranges
                0x00000158       0x20 ./SDK/startup/main.o
 .debug_aranges
                0x00000178       0x20 ./SDK/startup/semihost_hardfault.o
 .debug_aranges
                0x00000198      0x330 ./SDK/startup/startup_mk64f12.o
 .debug_aranges
                0x000004c8       0x30 ./SDK/CMSIS/system_MK64F12.o

.debug_ranges   0x00000000      0x490
 .debug_ranges  0x00000000       0x20 ./source/App.o
 .debug_ranges  0x00000020       0x20 ./source/SysTick.o
 .debug_ranges  0x00000040       0xd0 ./source/interrupts.o
 .debug_ranges  0x00000110       0x20 ./SDK/startup/hardware.o
 .debug_ranges  0x00000130       0x10 ./SDK/startup/main.o
 .debug_ranges  0x00000140       0x10 ./SDK/startup/semihost_hardfault.o
 .debug_ranges  0x00000150      0x320 ./SDK/startup/startup_mk64f12.o
 .debug_ranges  0x00000470       0x20 ./SDK/CMSIS/system_MK64F12.o

.debug_macro    0x00000000    0x1169e
 .debug_macro   0x00000000       0x5e ./source/App.o
 .debug_macro   0x0000005e      0xa5a ./source/App.o
 .debug_macro   0x00000ab8      0x34e ./source/App.o
 .debug_macro   0x00000e06       0x22 ./source/App.o
 .debug_macro   0x00000e28       0x3a ./source/App.o
 .debug_macro   0x00000e62       0x40 ./source/App.o
 .debug_macro   0x00000ea2       0x10 ./source/App.o
 .debug_macro   0x00000eb2       0x9a ./source/SysTick.o
 .debug_macro   0x00000f4c       0x5c ./source/SysTick.o
 .debug_macro   0x00000fa8       0x1c ./source/SysTick.o
 .debug_macro   0x00000fc4       0x22 ./source/SysTick.o
 .debug_macro   0x00000fe6       0xdf ./source/SysTick.o
 .debug_macro   0x000010c5      0xecf ./source/SysTick.o
 .debug_macro   0x00001f94       0x48 ./source/SysTick.o
 .debug_macro   0x00001fdc     0xe07b ./source/SysTick.o
 .debug_macro   0x00010057      0x174 ./source/SysTick.o
 .debug_macro   0x000101cb       0x90 ./source/interrupts.o
 .debug_macro   0x0001025b       0x9c ./SDK/startup/hardware.o
 .debug_macro   0x000102f7       0x10 ./SDK/startup/hardware.o
 .debug_macro   0x00010307     0x122b ./SDK/startup/hardware.o
 .debug_macro   0x00011532       0x16 ./SDK/startup/hardware.o
 .debug_macro   0x00011548       0x9c ./SDK/startup/main.o
 .debug_macro   0x000115e4       0x11 ./SDK/startup/semihost_hardfault.o
 .debug_macro   0x000115f5       0x29 ./SDK/startup/startup_mk64f12.o
 .debug_macro   0x0001161e       0x80 ./SDK/CMSIS/system_MK64F12.o

.debug_line     0x00000000     0x1280
 .debug_line    0x00000000      0x111 ./source/App.o
 .debug_line    0x00000111      0x177 ./source/SysTick.o
 .debug_line    0x00000288      0x3b7 ./source/interrupts.o
 .debug_line    0x0000063f      0x1d4 ./SDK/startup/hardware.o
 .debug_line    0x00000813      0x175 ./SDK/startup/main.o
 .debug_line    0x00000988       0x59 ./SDK/startup/semihost_hardfault.o
 .debug_line    0x000009e1      0x6d8 ./SDK/startup/startup_mk64f12.o
 .debug_line    0x000010b9      0x1c7 ./SDK/CMSIS/system_MK64F12.o

.debug_str      0x00000000    0x785c0
 .debug_str     0x00000000     0x3878 ./source/App.o
                               0x39db (size before relaxing)
 .debug_str     0x00003878    0x6d4b1 ./source/SysTick.o
                              0x70da6 (size before relaxing)
 .debug_str     0x00070d29      0x2b7 ./source/interrupts.o
                              0x70d5b (size before relaxing)
 .debug_str     0x00070fe0     0x6d58 ./SDK/startup/hardware.o
                              0x771f2 (size before relaxing)
 .debug_str     0x00077d38       0x1b ./SDK/startup/main.o
                              0x76fc6 (size before relaxing)
 .debug_str     0x00077d53       0x36 ./SDK/startup/semihost_hardfault.o
                               0x2d2c (size before relaxing)
 .debug_str     0x00077d89      0x7d5 ./SDK/startup/startup_mk64f12.o
                               0x359a (size before relaxing)
 .debug_str     0x0007855e       0x62 ./SDK/CMSIS/system_MK64F12.o
                              0x77101 (size before relaxing)

.comment        0x00000000       0x7e
 .comment       0x00000000       0x7e ./source/App.o
                                 0x7f (size before relaxing)
 .comment       0x0000007e       0x7f ./source/SysTick.o
 .comment       0x0000007e       0x7f ./source/interrupts.o
 .comment       0x0000007e       0x7f ./SDK/startup/hardware.o
 .comment       0x0000007e       0x7f ./SDK/startup/main.o
 .comment       0x0000007e       0x7f ./SDK/startup/semihost_hardfault.o
 .comment       0x0000007e       0x7f ./SDK/startup/startup_mk64f12.o
 .comment       0x0000007e       0x7f ./SDK/CMSIS/system_MK64F12.o

.ARM.attributes
                0x00000000       0x39
 .ARM.attributes
                0x00000000       0x39 ./source/App.o
 .ARM.attributes
                0x00000039       0x39 ./source/SysTick.o
 .ARM.attributes
                0x00000072       0x39 ./source/interrupts.o
 .ARM.attributes
                0x000000ab       0x39 ./SDK/startup/hardware.o
 .ARM.attributes
                0x000000e4       0x39 ./SDK/startup/main.o
 .ARM.attributes
                0x0000011d       0x39 ./SDK/startup/semihost_hardfault.o
 .ARM.attributes
                0x00000156       0x39 ./SDK/startup/startup_mk64f12.o
 .ARM.attributes
                0x0000018f       0x39 ./SDK/CMSIS/system_MK64F12.o

.debug_frame    0x00000000      0xe98
 .debug_frame   0x00000000       0x64 ./source/App.o
 .debug_frame   0x00000064       0x78 ./source/SysTick.o
 .debug_frame   0x000000dc      0x388 ./source/interrupts.o
 .debug_frame   0x00000464       0x70 ./SDK/startup/hardware.o
 .debug_frame   0x000004d4       0x2c ./SDK/startup/main.o
 .debug_frame   0x00000500       0x20 ./SDK/startup/semihost_hardfault.o
 .debug_frame   0x00000520      0x904 ./SDK/startup/startup_mk64f12.o
 .debug_frame   0x00000e24       0x74 ./SDK/CMSIS/system_MK64F12.o
